I/ActivityManager(  927): Resuming delayed broadcast
I/ActivityManager(  927): Start proc 3429:com.meizu.mpay/u0a51 for broadcast com.meizu.mpay/com.meizu.flyme.mpay.receiver.DataUpdateReceiver
W/BackupManagerService(  927): dataChanged but no participant pkg='com.android.providers.settings' uid=10054
I/ActivityManager(  927): Start proc 3457:com.android.providers.calendar/u0a3 for broadcast com.android.providers.calendar/.CalendarReceiver
W/ResourcesManager( 3457): Asset path '/system/framework/android.test.runner.jar' does not exist or contains no resources.
I/ActivityManager(  927): Start proc 3498:com.meizu.customizecenter/u0a5 for broadcast com.meizu.customizecenter/.common.helper.BootBroadcastReceiver
I/ActivityManager(  927): Killing 1913:com.android.soundrecorder/u0a28 (adj 15): empty #17
W/InputMethodManagerService(  927): Window already focused, ignoring focus gain of: com.android.internal.view.IInputMethodClient$Stub$Proxy@a9c13da attribute=null, token = android.os.BinderProxy@10c9ad08
D/WifiService(  927): Client connection lost with reason: 4
I/ActivityManager(  927): Process com.android.phone (pid 3174) has died
W/ActivityManager(  927): Scheduling restart of crashed service com.android.phone/.TelephonyDebugService in 0ms
I/ActivityManager(  927): Start proc 3520:com.android.phone/1001 for restart com.android.phone
I/ActivityManager(  927): START u0 {cmp=com.meizu.setup/.activity.SetupAgreementActivity} from uid 1000 on display 0
V/WindowManager(  927): addAppToken: AppWindowToken{3d91278a token=Token{24c1edf5 ActivityRecord{3e776f2c u0 com.meizu.setup/.activity.SetupAgreementActivity t2}}} to stack=0 task=2 at 1
V/WindowManager(  927): Adding window Window{1a0b6feb u0 com.meizu.setup/com.meizu.setup.activity.SetupAgreementActivity} at 2 of 7 (after Window{34c74ca1 u0 com.meizu.setup/com.meizu.setup.activity.SetupLanguageActivity})
E/ConnectivityService(  927): Failed to find Messenger in unregisterNetworkFactory
D/ConnectivityService(  927): Got NetworkFactory Messenger for Telephony
I/ActivityManager(  927): Delaying start of: ServiceRecord{3e6d6b87 u0 com.meizu.netcontactservice/com.meizu.yellowpage.net.YPIntentService}
D/WifiService(  927): New client listening to asynchronous messages
D/MccTable( 3520): updateMccMncConfiguration mccmnc='' fromServiceState=false
E/AndroidRuntime( 3520): FATAL EXCEPTION: main
E/AndroidRuntime( 3520): Process: com.android.phone, PID: 3520
E/AndroidRuntime( 3520): android.database.sqlite.SQLiteException: no such column: network_mode (code 1): , while compiling: UPDATE siminfo SET network_mode=? WHERE _id=2147483643
E/AndroidRuntime( 3520): 	at android.database.sqlite.SQLiteConnection.nativePrepareStatement(Native Method)
E/AndroidRuntime( 3520): 	at android.database.sqlite.SQLiteConnection.acquirePreparedStatement(SQLiteConnection.java:889)
E/AndroidRuntime( 3520): 	at android.database.sqlite.SQLiteConnection.prepare(SQLiteConnection.java:500)
E/AndroidRuntime( 3520): 	at android.database.sqlite.SQLiteSession.prepare(SQLiteSession.java:588)
E/AndroidRuntime( 3520): 	at android.database.sqlite.SQLiteProgram.<init>(SQLiteProgram.java:58)
E/AndroidRuntime( 3520): 	at android.database.sqlite.SQLiteStatement.<init>(SQLiteStatement.java:31)
E/AndroidRuntime( 3520): 	at android.database.sqlite.SQLiteDatabase.updateWithOnConflict(SQLiteDatabase.java:1574)
E/AndroidRuntime( 3520): 	at android.database.sqlite.SQLiteDatabase.update(SQLiteDatabase.java:1522)
E/AndroidRuntime( 3520): 	at com.android.providers.telephony.TelephonyProvider.update(TelephonyProvider.java:1159)
E/AndroidRuntime( 3520): 	at android.content.ContentProvider$Transport.update(ContentProvider.java:337)
E/AndroidRuntime( 3520): 	at android.content.ContentResolver.update(ContentResolver.java:1333)
E/AndroidRuntime( 3520): 	at com.android.internal.telephony.SubscriptionController.setNwMode(SubscriptionController.java:1672)
E/AndroidRuntime( 3520): 	at com.android.internal.telephony.SubscriptionHelper.updateNwModesInSubIdTable(SubscriptionHelper.java:152)
E/AndroidRuntime( 3520): 	at com.android.internal.telephony.SubscriptionHelper.updateNwMode(SubscriptionHelper.java:218)
E/AndroidRuntime( 3520): 	at com.android.internal.telephony.SubscriptionInfoUpdater.updateSubscriptionInfoByIccId(SubscriptionInfoUpdater.java:603)
E/AndroidRuntime( 3520): 	at com.android.internal.telephony.SubscriptionInfoUpdater.updateIccAvailability(SubscriptionInfoUpdater.java:322)
E/AndroidRuntime( 3520): 	at com.android.internal.telephony.SubscriptionInfoUpdater.handleMessage(SubscriptionInfoUpdater.java:245)
E/AndroidRuntime( 3520): 	at android.os.Handler.dispatchMessage(Handler.java:102)
E/AndroidRuntime( 3520): 	at android.os.Looper.loop(Looper.java:135)
E/AndroidRuntime( 3520): 	at android.app.ActivityThread.main(ActivityThread.java:5254)
E/AndroidRuntime( 3520): 	at java.lang.reflect.Method.invoke(Native Method)
E/AndroidRuntime( 3520): 	at java.lang.reflect.Method.invoke(Method.java:372)
E/AndroidRuntime( 3520): 	at com.android.internal.os.ZygoteInit$MethodAndArgsCaller.run(ZygoteInit.java:904)
E/AndroidRuntime( 3520): 	at com.android.internal.os.ZygoteInit.main(ZygoteInit.java:699)
W/ActivityManager(  927): Process com.android.phone has crashed too many times: killing!
I/ActivityManager(  927): Killing 2254:com.android.email/u0a10 (adj 15): empty #17
I/ActivityManager(  927): Delay finish: com.android.providers.downloads/.DownloadReceiver
I/ActivityManager(  927): Resuming delayed broadcast
I/ActivityManager(  927): Start proc 3645:com.android.email/u0a10 for broadcast com.android.email/.service.EmailBroadcastReceiver
I/ActivityManager(  927): Delay finish: com.android.email/.service.EmailBroadcastReceiver
W/ActivityManager(  927): Unable to start service Intent { cmp=com.android.email/.service.AttachmentDownloadService } U=0: not found
W/ActivityManager(  927): Unable to start service Intent { cmp=com.android.email/.service.AttachmentDownloadService } U=0: not found
I/ActivityManager(  927): Resuming delayed broadcast
I/ActivityManager(  927): Delay finish: com.android.email/.service.ExchangeBroadcastReceiver
I/ActivityManager(  927): Resuming delayed broadcast
I/ActivityManager(  927): Start proc 3705:com.meizu.flyme.launcher/u0a12 for broadcast com.meizu.flyme.launcher/.BootCompletedReceiver
I/ActivityManager(  927): Killing 2640:com.meizu.net.map/u0a47 (adj 15): empty #17
E/ActivityThread( 3705): Failed to find provider info for com.android.launcher3.settings
I/ActivityManager(  927): Start proc 3738:com.meizu.luckymoney/u0a14 for broadcast com.meizu.luckymoney/.BootReceiver
I/ActivityManager(  927): Killing 2715:com.meizu.voiceassistant/1000 (adj 15): empty #17
D/WifiService(  927): Client connection lost with reason: 4
I/ActivityManager(  927): Process com.android.bluetooth (pid 3293) has died
I/ActivityManager(  927): Start proc 3759:com.android.managedprovisioning/u0a15 for broadcast com.android.managedprovisioning/.BootReminder
E/NotificationService(  927): Not posting notification with icon==0: Notification(pri=0 contentView=null vibrate=null sound=null defaults=0x0 flags=0x62 color=0x00000000 vis=PRIVATE)
E/NotificationService(  927): WARNING: In a future release this will crash the app: com.meizu.luckymoney
W/BackupManagerService(  927): dataChanged but no participant pkg='com.android.providers.settings' uid=10014
W/BackupManagerService(  927): dataChanged but no participant pkg='com.android.providers.settings' uid=10014
W/BackupManagerService(  927): dataChanged but no participant pkg='com.android.providers.settings' uid=10014
W/BackupManagerService(  927): dataChanged but no participant pkg='com.android.providers.settings' uid=10014
I/ActivityManager(  927): Killing 2811:com.meizu.share/1002 (adj 15): empty #17
W/InputMethodManagerService(  927): Window already focused, ignoring focus gain of: com.android.internal.view.IInputMethodClient$Stub$Proxy@df48ad1 attribute=null, token = android.os.BinderProxy@1d8a873a
D/WifiService(  927): Client connection lost with reason: 4
I/ActivityManager(  927): Process com.android.phone (pid 3520) has died
W/ActivityManager(  927): Scheduling restart of crashed service com.android.phone/.TelephonyDebugService in 0ms
I/ActivityManager(  927): Start proc 3792:com.android.phone/1001 for restart com.android.phone
I/ActivityManager(  927): Killing 1795:android.process.acore/u0a4 (adj 15): empty #17
I/ActivityManager(  927): Delay finish: com.android.mms/.transaction.SmsReceiver
I/ActivityManager(  927): Resuming delayed broadcast
W/BroadcastQueue(  927): Permission Denial: receiving Intent { act=android.intent.action.BOOT_COMPLETED flg=0x8000010 (has extras) } to com.android.musicfx/.Compatibility$Receiver requires android.permission.RECEIVE_BOOT_COMPLETED due to sender null (uid 1000)
I/ActivityManager(  927): START u0 {cmp=com.meizu.setup/.activity.SetupNetworkActivity} from uid 1000 on display 0
V/WindowManager(  927): addAppToken: AppWindowToken{3bdf4307 token=Token{238546 ActivityRecord{9687d21 u0 com.meizu.setup/.activity.SetupNetworkActivity t2}}} to stack=0 task=2 at 2
E/ConnectivityService(  927): Failed to find Messenger in unregisterNetworkFactory
D/ConnectivityService(  927): Got NetworkFactory Messenger for Telephony
W/ContextImpl( 2199): Calling a method in the system process without a qualified user: android.app.ContextImpl.stopService:1698 android.content.ContextWrapper.stopService:521 android.content.ContextWrapper.stopService:521 com.meizu.settings.drivemode.MzDriveModeUtils.stopDirverMode:37 com.meizu.settings.drivemode.MzDriveModeUtils.initDirverMode:28 
D/WifiService(  927): setWifiEnabled: true pid=2374, uid=1000
E/WifiService(  927): Invoking mWifiStateMachine.setWifiEnabled
V/WindowManager(  927): Adding window Window{22c84f0b u0 com.meizu.setup/com.meizu.setup.activity.SetupNetworkActivity} at 3 of 8 (after Window{1a0b6feb u0 com.meizu.setup/com.meizu.setup.activity.SetupAgreementActivity})
W/ContextImpl( 2199): Calling a method in the system process without a qualified user: android.app.ContextImpl.startService:1692 android.content.ContextWrapper.startService:516 android.content.ContextWrapper.startService:516 com.meizu.settings.nfc.StateChangedReceiver$1.run:56 <bottom of call stack> 
D/WifiService(  927): setWifiEnabled: true pid=2374, uid=1000
E/WifiService(  927): Invoking mWifiStateMachine.setWifiEnabled
I/ActivityManager(  927): Start proc 3860:android.process.acore/u0a4 for content provider com.android.providers.contacts/.ContactsProvider2
I/ActivityManager(  927): Delaying start of: ServiceRecord{208be12e u0 com.meizu.netcontactservice/com.meizu.yellowpage.net.YPIntentService}
D/WifiService(  927): New client listening to asynchronous messages
I/ActivityManager(  927): Delay finish: com.android.phone/com.meizu.phone.LteDataOnlySwitchReceiver
D/MccTable( 3792): updateMccMncConfiguration mccmnc='' fromServiceState=false
E/AndroidRuntime( 3792): FATAL EXCEPTION: main
E/AndroidRuntime( 3792): Process: com.android.phone, PID: 3792
E/AndroidRuntime( 3792): android.database.sqlite.SQLiteException: no such column: network_mode (code 1): , while compiling: UPDATE siminfo SET network_mode=? WHERE _id=2147483643
E/AndroidRuntime( 3792): 	at android.database.sqlite.SQLiteConnection.nativePrepareStatement(Native Method)
E/AndroidRuntime( 3792): 	at android.database.sqlite.SQLiteConnection.acquirePreparedStatement(SQLiteConnection.java:889)
E/AndroidRuntime( 3792): 	at android.database.sqlite.SQLiteConnection.prepare(SQLiteConnection.java:500)
E/AndroidRuntime( 3792): 	at android.database.sqlite.SQLiteSession.prepare(SQLiteSession.java:588)
E/AndroidRuntime( 3792): 	at android.database.sqlite.SQLiteProgram.<init>(SQLiteProgram.java:58)
E/AndroidRuntime( 3792): 	at android.database.sqlite.SQLiteStatement.<init>(SQLiteStatement.java:31)
E/AndroidRuntime( 3792): 	at android.database.sqlite.SQLiteDatabase.updateWithOnConflict(SQLiteDatabase.java:1574)
E/AndroidRuntime( 3792): 	at android.database.sqlite.SQLiteDatabase.update(SQLiteDatabase.java:1522)
E/AndroidRuntime( 3792): 	at com.android.providers.telephony.TelephonyProvider.update(TelephonyProvider.java:1159)
E/AndroidRuntime( 3792): 	at android.content.ContentProvider$Transport.update(ContentProvider.java:337)
E/AndroidRuntime( 3792): 	at android.content.ContentResolver.update(ContentResolver.java:1333)
E/AndroidRuntime( 3792): 	at com.android.internal.telephony.SubscriptionController.setNwMode(SubscriptionController.java:1672)
E/AndroidRuntime( 3792): 	at com.android.internal.telephony.SubscriptionHelper.updateNwModesInSubIdTable(SubscriptionHelper.java:152)
E/AndroidRuntime( 3792): 	at com.android.internal.telephony.SubscriptionHelper.updateNwMode(SubscriptionHelper.java:218)
E/AndroidRuntime( 3792): 	at com.android.internal.telephony.SubscriptionInfoUpdater.updateSubscriptionInfoByIccId(SubscriptionInfoUpdater.java:603)
E/AndroidRuntime( 3792): 	at com.android.internal.telephony.SubscriptionInfoUpdater.updateIccAvailability(SubscriptionInfoUpdater.java:322)
E/AndroidRuntime( 3792): 	at com.android.internal.telephony.SubscriptionInfoUpdater.handleMessage(SubscriptionInfoUpdater.java:245)
E/AndroidRuntime( 3792): 	at android.os.Handler.dispatchMessage(Handler.java:102)
E/AndroidRuntime( 3792): 	at android.os.Looper.loop(Looper.java:135)
E/AndroidRuntime( 3792): 	at android.app.ActivityThread.main(ActivityThread.java:5254)
E/AndroidRuntime( 3792): 	at java.lang.reflect.Method.invoke(Native Method)
E/AndroidRuntime( 3792): 	at java.lang.reflect.Method.invoke(Method.java:372)
E/AndroidRuntime( 3792): 	at com.android.internal.os.ZygoteInit$MethodAndArgsCaller.run(ZygoteInit.java:904)
E/AndroidRuntime( 3792): 	at com.android.internal.os.ZygoteInit.main(ZygoteInit.java:699)
W/ActivityManager(  927): Process com.android.phone has crashed too many times: killing!
E/flymed_connector(  927): Communications error: java.io.IOException: No such file or directory
E/flymed_connector(  927): Error in NativeDaemonConnector: java.io.IOException: No such file or directory
E/SambaConnector(  927): Communications error: java.io.IOException: No such file or directory
E/SambaConnector(  927): Error in NativeDaemonConnector: java.io.IOException: No such file or directory
E/SambaClientConnector(  927): Communications error: java.io.IOException: No such file or directory
E/SambaClientConnector(  927): Error in NativeDaemonConnector: java.io.IOException: No such file or directory
W/BackupManagerService(  927): dataChanged but no participant pkg='com.android.providers.settings' uid=10008
W/InputMethodManagerService(  927): Window already focused, ignoring focus gain of: com.android.internal.view.IInputMethodClient$Stub$Proxy@254726af attribute=null, token = android.os.BinderProxy@2f00eeda
D/WifiService(  927): Client connection lost with reason: 4
I/ActivityManager(  927): Process com.android.phone (pid 3792) has died
W/ActivityManager(  927): Scheduling restart of crashed service com.android.phone/.TelephonyDebugService in 0ms
I/ActivityManager(  927): Start proc 3927:com.android.phone/1001 for restart com.android.phone
D/WifiService(  927): setWifiEnabled: true pid=2374, uid=1000
E/WifiService(  927): Invoking mWifiStateMachine.setWifiEnabled
I/ActivityManager(  927): START u0 {cmp=com.meizu.setup/.activity.SetupServiceActivity (has extras)} from uid 1000 on display 0
V/WindowManager(  927): addAppToken: AppWindowToken{2077ef4c token=Token{3a5fd37f ActivityRecord{2432ac9e u0 com.meizu.setup/.activity.SetupServiceActivity t2}}} to stack=0 task=2 at 3
E/ConnectivityService(  927): Failed to find Messenger in unregisterNetworkFactory
D/ConnectivityService(  927): Got NetworkFactory Messenger for Telephony
V/WindowManager(  927): Adding window Window{26a06e8b u0 com.meizu.setup/com.meizu.setup.activity.SetupServiceActivity} at 4 of 9 (after Window{22c84f0b u0 com.meizu.setup/com.meizu.setup.activity.SetupNetworkActivity})
D/WifiService(  927): New client listening to asynchronous messages
D/MccTable( 3927): updateMccMncConfiguration mccmnc='' fromServiceState=false
W/BackupManagerService(  927): dataChanged but no participant pkg='com.android.providers.settings' uid=10008
E/AndroidRuntime( 3927): FATAL EXCEPTION: main
E/AndroidRuntime( 3927): Process: com.android.phone, PID: 3927
E/AndroidRuntime( 3927): android.database.sqlite.SQLiteException: no such column: network_mode (code 1): , while compiling: UPDATE siminfo SET network_mode=? WHERE _id=2147483643
E/AndroidRuntime( 3927): 	at android.database.sqlite.SQLiteConnection.nativePrepareStatement(Native Method)
E/AndroidRuntime( 3927): 	at android.database.sqlite.SQLiteConnection.acquirePreparedStatement(SQLiteConnection.java:889)
E/AndroidRuntime( 3927): 	at android.database.sqlite.SQLiteConnection.prepare(SQLiteConnection.java:500)
E/AndroidRuntime( 3927): 	at android.database.sqlite.SQLiteSession.prepare(SQLiteSession.java:588)
E/AndroidRuntime( 3927): 	at android.database.sqlite.SQLiteProgram.<init>(SQLiteProgram.java:58)
E/AndroidRuntime( 3927): 	at android.database.sqlite.SQLiteStatement.<init>(SQLiteStatement.java:31)
E/AndroidRuntime( 3927): 	at android.database.sqlite.SQLiteDatabase.updateWithOnConflict(SQLiteDatabase.java:1574)
E/AndroidRuntime( 3927): 	at android.database.sqlite.SQLiteDatabase.update(SQLiteDatabase.java:1522)
E/AndroidRuntime( 3927): 	at com.android.providers.telephony.TelephonyProvider.update(TelephonyProvider.java:1159)
E/AndroidRuntime( 3927): 	at android.content.ContentProvider$Transport.update(ContentProvider.java:337)
E/AndroidRuntime( 3927): 	at android.content.ContentResolver.update(ContentResolver.java:1333)
E/AndroidRuntime( 3927): 	at com.android.internal.telephony.SubscriptionController.setNwMode(SubscriptionController.java:1672)
E/AndroidRuntime( 3927): 	at com.android.internal.telephony.SubscriptionHelper.updateNwModesInSubIdTable(SubscriptionHelper.java:152)
E/AndroidRuntime( 3927): 	at com.android.internal.telephony.SubscriptionHelper.updateNwMode(SubscriptionHelper.java:218)
E/AndroidRuntime( 3927): 	at com.android.internal.telephony.SubscriptionInfoUpdater.updateSubscriptionInfoByIccId(SubscriptionInfoUpdater.java:603)
E/AndroidRuntime( 3927): 	at com.android.internal.telephony.SubscriptionInfoUpdater.updateIccAvailability(SubscriptionInfoUpdater.java:322)
E/AndroidRuntime( 3927): 	at com.android.internal.telephony.SubscriptionInfoUpdater.handleMessage(SubscriptionInfoUpdater.java:245)
E/AndroidRuntime( 3927): 	at android.os.Handler.dispatchMessage(Handler.java:102)
E/AndroidRuntime( 3927): 	at android.os.Looper.loop(Looper.java:135)
E/AndroidRuntime( 3927): 	at android.app.ActivityThread.main(ActivityThread.java:5254)
E/AndroidRuntime( 3927): 	at java.lang.reflect.Method.invoke(Native Method)
E/AndroidRuntime( 3927): 	at java.lang.reflect.Method.invoke(Method.java:372)
E/AndroidRuntime( 3927): 	at com.android.internal.os.ZygoteInit$MethodAndArgsCaller.run(ZygoteInit.java:904)
E/AndroidRuntime( 3927): 	at com.android.internal.os.ZygoteInit.main(ZygoteInit.java:699)
W/ActivityManager(  927): Process com.android.phone has crashed too many times: killing!
W/ContextImpl( 2374): Calling a method in the system process without a qualified user: android.app.ContextImpl.sendBroadcast:1327 android.content.ContextWrapper.sendBroadcast:377 ano.b:244 ano.a:52 com.meizu.setup.activity.SetupServiceActivity.a:40 
W/ContextImpl( 2374): Calling a method in the system process without a qualified user: android.app.ContextImpl.sendBroadcast:1327 android.content.ContextWrapper.sendBroadcast:377 ano.c:250 ano.a:53 com.meizu.setup.activity.SetupServiceActivity.a:40 
W/ContextImpl( 2374): Calling a method in the system process without a qualified user: android.app.ContextImpl.sendBroadcast:1327 android.content.ContextWrapper.sendBroadcast:377 ano.d:137 ano.a:57 com.meizu.setup.activity.SetupServiceActivity.a:40 
W/ContextImpl( 2374): Calling a method in the system process without a qualified user: android.app.ContextImpl.sendBroadcast:1327 android.content.ContextWrapper.sendBroadcast:377 ano.h:200 ano.b:145 ano.a:61 
I/ActivityManager(  927): START u0 {act=android.intent.action.MAIN cat=[android.intent.category.HOME] flg=0x10000000 cmp=com.meizu.flyme.launcher/.Launcher} from uid 1000 on display 0
V/WindowManager(  927): addAppToken: AppWindowToken{1efb58f8 token=Token{b85685b ActivityRecord{2a85b6a u0 com.meizu.flyme.launcher/.Launcher t3}}} to stack=0 task=3 at 0
W/ContextImpl( 2374): Calling a method in the system process without a qualified user: android.app.ContextImpl.startService:1692 android.content.ContextWrapper.startService:516 ano.a:221 ano.a:69 com.meizu.setup.activity.SetupServiceActivity.a:40 
W/ActivityManager(  927): Finishing task with all activities already finished
W/ActivityManager(  927): Duplicate finish request for ActivityRecord{2432ac9e u0 com.meizu.setup/.activity.SetupServiceActivity t2 f}
D/WifiService(  927): setWifiEnabled: true pid=2374, uid=1000
E/WifiService(  927): Invoking mWifiStateMachine.setWifiEnabled
V/WindowManager(  927): Adding window Window{36533779 u0 com.meizu.flyme.launcher/com.meizu.flyme.launcher.Launcher} at 2 of 8 (after Window{26a06e8b u0 com.meizu.setup/com.meizu.setup.activity.SetupServiceActivity})
D/WifiService(  927): Client connection lost with reason: 4
I/ActivityManager(  927): Process com.android.phone (pid 3927) has died
W/ActivityManager(  927): Scheduling restart of crashed service com.android.phone/.TelephonyDebugService in 0ms
I/ActivityManager(  927): Start proc 4063:com.android.phone/1001 for restart com.android.phone
E/flymed_connector(  927): Communications error: java.io.IOException: No such file or directory
E/flymed_connector(  927): Error in NativeDaemonConnector: java.io.IOException: No such file or directory
E/ConnectivityService(  927): Failed to find Messenger in unregisterNetworkFactory
D/ConnectivityService(  927): Got NetworkFactory Messenger for Telephony
E/SambaConnector(  927): Communications error: java.io.IOException: No such file or directory
E/SambaConnector(  927): Error in NativeDaemonConnector: java.io.IOException: No such file or directory
E/SambaClientConnector(  927): Communications error: java.io.IOException: No such file or directory
E/SambaClientConnector(  927): Error in NativeDaemonConnector: java.io.IOException: No such file or directory
D/WifiService(  927): New client listening to asynchronous messages
--------- beginning of main
V/KeyguardUpdateMonitor( 1812): action android.intent.action.SIM_STATE_CHANGED state: NOT_READY slotId: 0 subid: 2147483643
D/MobileDataController( 1812): mSubReceiver action = android.intent.action.SIM_STATE_CHANGED
D/GpsLocationProvider(  927): received SIM realted action: 
D/MobileDataController( 1812): registerPreferredNetworkModeObserverForSubRecordChange
D/MzPhoneInterfaceManager( 4063): get34GCapabilityPhoneId, phoneId: -1
D/MobileDataController( 1812): get34GCapabilityPhoneId, phoneId: -1
D/MobileDataController( 1812): get34GCapabilitySubId Invalid subId
D/MzPhoneInterfaceManager( 4063): get34GCapabilityPhoneId, phoneId: -1
D/MobileDataController( 1812): get34GCapabilityPhoneId, phoneId: -1
D/MobileDataController( 1812): get34GCapabilitySubId Invalid subId
D/PhoneApp( 4063): PhoneAppBroadcastReceiver.onReceiver(android.intent.action.ACTION_SUBINFO_RECORD_UPDATED)
D/KeyguardUpdateMonitor( 1812): handleSimStateChange(subId=2147483643, slotId=0, state=UNKNOWN)
D/NetworkController( 1812): onReceive: intent=Intent { act=android.intent.action.SIM_STATE_CHANGED flg=0x4000010 (has extras) }
D/NetworkManagementMz: TrafficStateController( 3000): mSimStateReceiver + Intent { act=android.intent.action.SIM_STATE_CHANGED flg=0x4000010 (has extras) }
D/NetworkManagementMz: TrafficStateController( 3000): state NOT_READY
D/NetworkManagementMz: TrafficStateController( 3000): slot 0
D/NetworkManagementMz( 3000): LocalSubscriptionManager : getSubId 0
D/NetworkManagementMz( 3000): LocalSubscriptionManager : intSubId 2147483643
D/NetworkManagementMz( 3000): LocalSubscriptionManager : subId[0] is : 2147483643
D/PowerAppDbManager( 3090): uri: content://com.meizu.safe.provider/power_app_level has changed
D/DeviceInfo( 3401): [getSimState] simState = 6
D/NetworkController( 1812): onReceive: intent=Intent { act=android.provider.Telephony.SPN_STRINGS_UPDATED flg=0x20000010 (has extras) }
D/NetworkManagementMz: LocalTelephonyManager( 3000): imsi null
D/NetworkManagementMz: TrafficState( 3000): slot0 imsi = null
D/GpsLocationProvider(  927): SIM MCC/MNC is still not available
E/PowerAppDbManager( 3090): get installed package set is null
V/DownloadManager( 2851): Service state changed: Bundle[mParcelledData.dataSize=924]
V/DownloadManager( 2851): mRoamingStateListener roaming ------> false
V/DownloadManager( 2851): auto download without roaming -> true
V/DownloadManager( 2851): auto download during roaming -> false roaming -> false
V/DownloadManager( 2851): mRoamingStateListener mAutoDownload ------> true
V/DownloadManager( 2851): mRoamingStateListener mAutoDownload2 ------> false, multi sim device = false
D/SimCardStateReceiver( 2936): onReceive: android.intent.action.SERVICE_STATE
D/SimCardStateReceiver( 2471): onReceive: android.intent.action.SERVICE_STATE
D/PhoneApp( 4063): PhoneAppBroadcastReceiver.onReceiver(android.intent.action.ANY_DATA_STATE)
D/PhoneApp( 4063): PhoneAppBroadcastReceiver.onReceiver(android.intent.action.ANY_DATA_STATE)
D/PhoneApp( 4063): PhoneAppBroadcastReceiver.onReceiver(android.intent.action.ANY_DATA_STATE)
D/PhoneApp( 4063): PhoneAppBroadcastReceiver.onReceiver(android.intent.action.ANY_DATA_STATE)
D/PowerAppDbManager( 3090): uri: content://com.meizu.safe.provider/power_app_level has changed
E/PowerAppDbManager( 3090): get installed package set is null
D/PhoneApp( 4063): PhoneAppBroadcastReceiver.onReceiver(android.intent.action.ANY_DATA_STATE)
D/PhoneApp( 4063): PhoneAppBroadcastReceiver.onReceiver(android.intent.action.ANY_DATA_STATE)
D/PhoneApp( 4063): PhoneAppBroadcastReceiver.onReceiver(android.intent.action.ANY_DATA_STATE)
I/WifiHAL (  927): Poll result = 1
I/WifiHAL (  927): Found some events!!!
D/WifiHAL (  927): no_seq_check received
I/WifiHAL (  927): event received NL80211_CMD_TRIGGER_SCAN
I/WifiHAL (  927): event received NL80211_CMD_TRIGGER_SCAN, vendor_id = 0x0
I/WifiHAL (  927): event ignored!!
D/MDMCTBK (  307): reply_len: 40 reply is = IFNAME=wlan0 <3>CTRL-EVENT-SCAN-STARTED 
D/MDMCTBK (  307): Event received = CTRL-EVENT-SCAN-STARTED 
D/PhoneApp( 4063): PhoneAppBroadcastReceiver.onReceiver(android.intent.action.ANY_DATA_STATE)
D/PhoneApp( 4063): PhoneAppBroadcastReceiver.onReceiver(android.intent.action.ANY_DATA_STATE)
D/PhoneApp( 4063): PhoneAppBroadcastReceiver.onReceiver(android.intent.action.ANY_DATA_STATE)
W/System.err( 2936): java.lang.NumberFormatException: Invalid int: "E"
W/System.err( 2936): 	at java.lang.Integer.invalidInt(Integer.java:138)
W/System.err( 2936): 	at java.lang.Integer.parse(Integer.java:410)
W/System.err( 2936): 	at java.lang.Integer.parseInt(Integer.java:367)
W/System.err( 2936): 	at java.lang.Integer.parseInt(Integer.java:334)
W/System.err( 2936): 	at com.meizu.a.a.a.p.a(SourceFile:128)
W/System.err( 2936): 	at com.meizu.a.a.a.q.e(SourceFile:179)
W/System.err( 2936): 	at com.meizu.a.a.a.q.a(SourceFile:24)
W/System.err( 2936): 	at com.meizu.a.a.a.t.handleMessage(SourceFile:236)
W/System.err( 2936): 	at android.os.Handler.dispatchMessage(Handler.java:102)
W/System.err( 2936): 	at android.os.Looper.loop(Looper.java:135)
W/System.err( 2936): 	at android.os.HandlerThread.run(HandlerThread.java:61)
D/SimCardStateReceiver( 2936): simcard status has no changed
D/PhoneApp( 4063): PhoneAppBroadcastReceiver.onReceiver(android.intent.action.ANY_DATA_STATE)
D/PhoneInterfaceManager( 4063): [PhoneIntfMgr] getDataNetworkType=0
D/PowerAppDbManager( 3090): uri: content://com.meizu.safe.provider/power_app_level has changed
E/PowerAppDbManager( 3090): get installed package set is null
D/PhoneInterfaceManager( 4063): [PhoneIntfMgr] getDataNetworkType=0
D/PhoneInterfaceManager( 4063): [PhoneIntfMgr] getDataNetworkType=0
D/PhoneInterfaceManager( 4063): [PhoneIntfMgr] getDataNetworkType=0
D/PhoneInterfaceManager( 4063): [PhoneIntfMgr] getDataNetworkType=0
D/PhoneInterfaceManager( 4063): [PhoneIntfMgr] getDataNetworkType=0
D/PhoneInterfaceManager( 4063): [PhoneIntfMgr] getDataNetworkType=0
D/PowerAppDbManager( 3090): uri: content://com.meizu.safe.provider/power_app_level has changed
D/PhoneInterfaceManager( 4063): [PhoneIntfMgr] getDataNetworkType=0
E/PowerAppDbManager( 3090): get installed package set is null
I/MDMCTBK (  307): mot_update_Apm_state new_state=0,  old_State =1
I/MDMCTBK (  307): get_property_value, Enter
I/MDMCTBK (  307): get_property_value, Values read from property=1,0,0,0,0,0,0,0,0,1,1,0, length=23
I/MDMCTBK (  307): get_property_value, Exit
I/MDMCTBK (  307): MdmCutbackHndler updateApmState, Airplane Mode new_state =0, old_state=1
I/MDMCTBK (  307):  
I/MDMCTBK (  307): MdmCutbackHndler Status: Qmi =1, cg=0, ep=0, vc=0, dc=0, cn=0, wf=0, mf=0, wfd=0, apm=0, usb=1, stopqmi=0
I/MDMCTBK (  307): set_property_value, Enter
I/MDMCTBK (  307): set_property_value, Values updated in the property=1,0,0,0,0,0,0,0,0,0,1,0
I/MDMCTBK (  307): set_property_value, Values updated in the property file Successfully
I/MDMCTBK (  307): set_property_value, Exit
I/MDMCTBK (  307): setSarCtrl:set SAR over QMI, conn:0, ep:0,wf:0, mf:0, chrg:1
D/PhoneInterfaceManager( 4063): [PhoneIntfMgr] getDataNetworkType=0
I/MDMCTBK (  307): send SAR ctrl over QMI
D/PhoneInterfaceManager( 4063): [PhoneIntfMgr] getDataNetworkType=0
D/PowerAppDbManager( 3090): uri: content://com.meizu.safe.provider/power_app_level has changed
E/PowerAppDbManager( 3090): get installed package set is null
D/PhoneInterfaceManager( 4063): [PhoneIntfMgr] getDataNetworkType=0
D/PhoneInterfaceManager( 4063): [PhoneIntfMgr] getDataNetworkType=0
D/PhoneInterfaceManager( 4063): [PhoneIntfMgr] getDataNetworkType=0
D/PhoneInterfaceManager( 4063): [PhoneIntfMgr] getDataNetworkType=0
D/PowerAppDbManager( 3090): uri: content://com.meizu.safe.provider/power_app_level has changed
D/PhoneInterfaceManager( 4063): [PhoneIntfMgr] getDataNetworkType=0
E/PowerAppDbManager( 3090): get installed package set is null
D/PhoneInterfaceManager( 4063): [PhoneIntfMgr] getDataNetworkType=0
D/PhoneInterfaceManager( 4063): [PhoneIntfMgr] getDataNetworkType=0
D/PhoneInterfaceManager( 4063): [PhoneIntfMgr] getDataNetworkType=0
D/PhoneInterfaceManager( 4063): [PhoneIntfMgr] getDataNetworkType=0
D/PowerAppDbManager( 3090): uri: content://com.meizu.safe.provider/power_app_level has changed
D/PhoneInterfaceManager( 4063): [PhoneIntfMgr] getDataNetworkType=0
E/PowerAppDbManager( 3090): get installed package set is null
D/PhoneApp( 4063): PhoneAppBroadcastReceiver.onReceiver(android.intent.action.ANY_DATA_STATE)
D/PhoneApp( 4063): PhoneAppBroadcastReceiver.onReceiver(android.intent.action.ANY_DATA_STATE)
D/PhoneApp( 4063): PhoneAppBroadcastReceiver.onReceiver(android.intent.action.ANY_DATA_STATE)
D/PhoneApp( 4063): PhoneAppBroadcastReceiver.onReceiver(android.intent.action.ANY_DATA_STATE)
D/PhoneApp( 4063): PhoneAppBroadcastReceiver.onReceiver(android.intent.action.ANY_DATA_STATE)
D/PhoneApp( 4063): PhoneAppBroadcastReceiver.onReceiver(android.intent.action.ANY_DATA_STATE)
D/PhoneApp( 4063): PhoneAppBroadcastReceiver.onReceiver(android.intent.action.ANY_DATA_STATE)
D/PhoneApp( 4063): PhoneAppBroadcastReceiver.onReceiver(android.intent.action.ANY_DATA_STATE)
D/PhoneApp( 4063): PhoneAppBroadcastReceiver.onReceiver(android.intent.action.ANY_DATA_STATE)
V/Telephony( 4063): TtyManager: got queryTTYMode response
D/Telephony( 4063): TtyManager: setting TTY mode to 0 succeeded
D/PhoneApp( 4063): PhoneAppBroadcastReceiver.onReceiver(android.intent.action.SIM_STATE_CHANGED)
D/PowerAppDbManager( 3090): uri: content://com.meizu.safe.provider/power_app_level has changed
E/PowerAppDbManager( 3090): get installed package set is null
D/MccTable( 4063): updateMccMncConfiguration mccmnc='' fromServiceState=false
D/PowerAppDbManager( 3090): uri: content://com.meizu.safe.provider/power_app_level has changed
D/NetworkController( 1812): onReceive: intent=Intent { act=android.intent.action.ACTION_DEFAULT_VOICE_SUBSCRIPTION_CHANGED flg=0x20000010 (has extras) }
E/NetworkController( 1812): Cannot find controller for voice sub: 2147483643
E/PowerAppDbManager( 3090): get installed package set is null
E/SQLiteLog( 4063): (1) no such column: network_mode
D/AndroidRuntime( 4063): Shutting down VM
E/AndroidRuntime( 4063): FATAL EXCEPTION: main
E/AndroidRuntime( 4063): Process: com.android.phone, PID: 4063
E/AndroidRuntime( 4063): android.database.sqlite.SQLiteException: no such column: network_mode (code 1): , while compiling: UPDATE siminfo SET network_mode=? WHERE _id=2147483643
E/AndroidRuntime( 4063): 	at android.database.sqlite.SQLiteConnection.nativePrepareStatement(Native Method)
E/AndroidRuntime( 4063): 	at android.database.sqlite.SQLiteConnection.acquirePreparedStatement(SQLiteConnection.java:889)
E/AndroidRuntime( 4063): 	at android.database.sqlite.SQLiteConnection.prepare(SQLiteConnection.java:500)
E/AndroidRuntime( 4063): 	at android.database.sqlite.SQLiteSession.prepare(SQLiteSession.java:588)
E/AndroidRuntime( 4063): 	at android.database.sqlite.SQLiteProgram.<init>(SQLiteProgram.java:58)
E/AndroidRuntime( 4063): 	at android.database.sqlite.SQLiteStatement.<init>(SQLiteStatement.java:31)
E/AndroidRuntime( 4063): 	at android.database.sqlite.SQLiteDatabase.updateWithOnConflict(SQLiteDatabase.java:1574)
E/AndroidRuntime( 4063): 	at android.database.sqlite.SQLiteDatabase.update(SQLiteDatabase.java:1522)
E/AndroidRuntime( 4063): 	at com.android.providers.telephony.TelephonyProvider.update(TelephonyProvider.java:1159)
E/AndroidRuntime( 4063): 	at android.content.ContentProvider$Transport.update(ContentProvider.java:337)
E/AndroidRuntime( 4063): 	at android.content.ContentResolver.update(ContentResolver.java:1333)
E/AndroidRuntime( 4063): 	at com.android.internal.telephony.SubscriptionController.setNwMode(SubscriptionController.java:1672)
E/AndroidRuntime( 4063): 	at com.android.internal.telephony.SubscriptionHelper.updateNwModesInSubIdTable(SubscriptionHelper.java:152)
E/AndroidRuntime( 4063): 	at com.android.internal.telephony.SubscriptionHelper.updateNwMode(SubscriptionHelper.java:218)
E/AndroidRuntime( 4063): 	at com.android.internal.telephony.SubscriptionInfoUpdater.updateSubscriptionInfoByIccId(SubscriptionInfoUpdater.java:603)
E/AndroidRuntime( 4063): 	at com.android.internal.telephony.SubscriptionInfoUpdater.updateIccAvailability(SubscriptionInfoUpdater.java:322)
E/AndroidRuntime( 4063): 	at com.android.internal.telephony.SubscriptionInfoUpdater.handleMessage(SubscriptionInfoUpdater.java:245)
E/AndroidRuntime( 4063): 	at android.os.Handler.dispatchMessage(Handler.java:102)
E/AndroidRuntime( 4063): 	at android.os.Looper.loop(Looper.java:135)
E/AndroidRuntime( 4063): 	at android.app.ActivityThread.main(ActivityThread.java:5254)
E/AndroidRuntime( 4063): 	at java.lang.reflect.Method.invoke(Native Method)
E/AndroidRuntime( 4063): 	at java.lang.reflect.Method.invoke(Method.java:372)
E/AndroidRuntime( 4063): 	at com.android.internal.os.ZygoteInit$MethodAndArgsCaller.run(ZygoteInit.java:904)
E/AndroidRuntime( 4063): 	at com.android.internal.os.ZygoteInit.main(ZygoteInit.java:699)
W/ActivityManager(  927): Process com.android.phone has crashed too many times: killing!
D/PowerAppDbManager( 3090): uri: content://com.meizu.safe.provider/power_app_level has changed
E/PowerAppDbManager( 3090): get installed package set is null
D/PowerAppDbManager( 3090): uri: content://com.meizu.safe.provider/power_app_level has changed
E/PowerAppDbManager( 3090): get installed package set is null
D/PowerAppDbManager( 3090): uri: content://com.meizu.safe.provider/power_app_level has changed
E/PowerAppDbManager( 3090): get installed package set is null
D/PowerAppDbManager( 3090): uri: content://com.meizu.safe.provider/power_app_level has changed
E/PowerAppDbManager( 3090): get installed package set is null
I/Adreno-EGL(  927): <qeglDrvAPI_eglInitialize:410>: EGL 1.4 QUALCOMM build: AU_LINUX_ANDROID_LA.BF.1.1.1.C2.05.00.00.046.002_msm8974_LA.BF.1.1.1.C2__release_AU ()
I/Adreno-EGL(  927): OpenGL ES Shader Compiler Version: E031.25.03.00
I/Adreno-EGL(  927): Build Date: 01/06/15 Tue
I/Adreno-EGL(  927): Local Branch: mybranch6793908
I/Adreno-EGL(  927): Remote Branch: quic/LA.BF.1.1.1.c2
I/Adreno-EGL(  927): Local Patches: NONE
I/Adreno-EGL(  927): Reconstruct Branch: AU_LINUX_ANDROID_LA.BF.1.1.1.C2.05.00.00.046.002 +  NOTHING
I/OpenGLRenderer(  927): Initialized EGL, version 1.4
D/PowerAppDbManager( 3090): uri: content://com.meizu.safe.provider/power_app_level has changed
E/PowerAppDbManager( 3090): get installed package set is null
D/PowerAppDbManager( 3090): uri: content://com.meizu.safe.provider/power_app_level has changed
E/PowerAppDbManager( 3090): get installed package set is null
D/PowerAppDbManager( 3090): uri: content://com.meizu.safe.provider/power_app_level has changed
E/PowerAppDbManager( 3090): get installed package set is null
D/PowerAppDbManager( 3090): uri: content://com.meizu.safe.provider/power_app_level has changed
E/PowerAppDbManager( 3090): get installed package set is null
D/PowerAppDbManager( 3090): uri: content://com.meizu.safe.provider/power_app_level has changed
E/PowerAppDbManager( 3090): get installed package set is null
D/PowerAppDbManager( 3090): uri: content://com.meizu.safe.provider/power_app_level has changed
E/PowerAppDbManager( 3090): get installed package set is null
D/PowerAppDbManager( 3090): uri: content://com.meizu.safe.provider/power_app_level has changed
E/PowerAppDbManager( 3090): get installed package set is null
D/PowerAppDbManager( 3090): uri: content://com.meizu.safe.provider/power_app_level has changed
E/PowerAppDbManager( 3090): get installed package set is null
D/PowerAppDbManager( 3090): uri: content://com.meizu.safe.provider/power_app_level has changed
E/PowerAppDbManager( 3090): get installed package set is null
D/PowerAppDbManager( 3090): uri: content://com.meizu.safe.provider/power_app_level has changed
E/PowerAppDbManager( 3090): get installed package set is null
D/PowerAppDbManager( 3090): uri: content://com.meizu.safe.provider/power_app_level has changed
E/PowerAppDbManager( 3090): get installed package set is null
D/PowerAppDbManager( 3090): uri: content://com.meizu.safe.provider/power_app_level has changed
E/PowerAppDbManager( 3090): get installed package set is null
D/PowerAppDbManager( 3090): uri: content://com.meizu.safe.provider/power_app_level has changed
E/PowerAppDbManager( 3090): get installed package set is null
D/PowerAppDbManager( 3090): uri: content://com.meizu.safe.provider/power_app_level has changed
E/PowerAppDbManager( 3090): get installed package set is null
D/PowerAppDbManager( 3090): uri: content://com.meizu.safe.provider/power_app_level has changed
E/PowerAppDbManager( 3090): get installed package set is null
D/PowerAppDbManager( 3090): uri: content://com.meizu.safe.provider/power_app_level has changed
E/PowerAppDbManager( 3090): get installed package set is null
D/PowerAppDbManager( 3090): uri: content://com.meizu.safe.provider/power_app_level has changed
E/PowerAppDbManager( 3090): get installed package set is null
D/PowerAppDbManager( 3090): uri: content://com.meizu.safe.provider/power_app_level has changed
E/PowerAppDbManager( 3090): get installed package set is null
D/PowerAppDbManager( 3090): uri: content://com.meizu.safe.provider/power_app_level has changed
E/PowerAppDbManager( 3090): get installed package set is null
D/PowerAppDbManager( 3090): uri: content://com.meizu.safe.provider/power_app_level has changed
E/PowerAppDbManager( 3090): get installed package set is null
D/PowerAppDbManager( 3090): uri: content://com.meizu.safe.provider/power_app_level has changed
E/PowerAppDbManager( 3090): get installed package set is null
D/PowerAppDbManager( 3090): uri: content://com.meizu.safe.provider/power_app_level has changed
E/PowerAppDbManager( 3090): get installed package set is null
D/PowerAppDbManager( 3090): uri: content://com.meizu.safe.provider/power_app_level has changed
E/PowerAppDbManager( 3090): get installed package set is null
D/PowerAppDbManager( 3090): uri: content://com.meizu.safe.provider/power_app_level has changed
E/PowerAppDbManager( 3090): get installed package set is null
I/art     (  927): Explicit concurrent mark sweep GC freed 47343(3MB) AllocSpace objects, 33(812KB) LOS objects, 33% free, 25MB/37MB, paused 1.212ms total 55.533ms
D/PowerAppDbManager( 3090): uri: content://com.meizu.safe.provider/power_app_level has changed
E/PowerAppDbManager( 3090): get installed package set is null
D/PowerAppDbManager( 3090): uri: content://com.meizu.safe.provider/power_app_level has changed
E/PowerAppDbManager( 3090): get installed package set is null
D/PowerAppDbManager( 3090): uri: content://com.meizu.safe.provider/power_app_level has changed
E/PowerAppDbManager( 3090): get installed package set is null
D/PowerAppDbManager( 3090): uri: content://com.meizu.safe.provider/power_app_level has changed
E/PowerAppDbManager( 3090): get installed package set is null
D/PowerAppDbManager( 3090): uri: content://com.meizu.safe.provider/power_app_level has changed
E/PowerAppDbManager( 3090): get installed package set is null
D/PowerAppDbManager( 3090): uri: content://com.meizu.safe.provider/power_app_level has changed
E/PowerAppDbManager( 3090): get installed package set is null
D/PowerAppDbManager( 3090): uri: content://com.meizu.safe.provider/power_app_level has changed
E/PowerAppDbManager( 3090): get installed package set is null
D/PowerAppDbManager( 3090): uri: content://com.meizu.safe.provider/power_app_level has changed
E/PowerAppDbManager( 3090): get installed package set is null
D/PowerAppDbManager( 3090): uri: content://com.meizu.safe.provider/power_app_level has changed
E/PowerAppDbManager( 3090): get installed package set is null
D/PowerAppDbManager( 3090): uri: content://com.meizu.safe.provider/power_app_level has changed
E/PowerAppDbManager( 3090): get installed package set is null
D/PowerAppDbManager( 3090): uri: content://com.meizu.safe.provider/power_app_level has changed
E/PowerAppDbManager( 3090): get installed package set is null
D/PowerAppDbManager( 3090): uri: content://com.meizu.safe.provider/power_app_level has changed
E/PowerAppDbManager( 3090): get installed package set is null
D/PowerAppDbManager( 3090): uri: content://com.meizu.safe.provider/power_app_level has changed
E/PowerAppDbManager( 3090): get installed package set is null
D/PowerAppDbManager( 3090): uri: content://com.meizu.safe.provider/power_app_level has changed
E/PowerAppDbManager( 3090): get installed package set is null
D/PowerAppDbManager( 3090): uri: content://com.meizu.safe.provider/power_app_level has changed
E/PowerAppDbManager( 3090): get installed package set is null
D/PowerAppDbManager( 3090): uri: content://com.meizu.safe.provider/power_app_level has changed
E/PowerAppDbManager( 3090): get installed package set is null
D/PowerAppDbManager( 3090): uri: content://com.meizu.safe.provider/power_app_level has changed
E/PowerAppDbManager( 3090): get installed package set is null
D/PowerAppDbManager( 3090): uri: content://com.meizu.safe.provider/power_app_level has changed
E/PowerAppDbManager( 3090): get installed package set is null
D/PowerAppDbManager( 3090): uri: content://com.meizu.safe.provider/power_app_level has changed
E/PowerAppDbManager( 3090): get installed package set is null
D/PowerAppDbManager( 3090): uri: content://com.meizu.safe.provider/power_app_level has changed
E/PowerAppDbManager( 3090): get installed package set is null
E/SQLiteLog( 2851): (284) automatic index on tb_jar_list(name)
E/SQLiteLog( 2851): (284) automatic index on tb_jar_list(name)
I/art     ( 3000): Explicit concurrent mark sweep GC freed 10883(483KB) AllocSpace objects, 0(0B) LOS objects, 25% free, 20MB/27MB, paused 301us total 19.519ms
E/SQLiteLog( 2851): (284) automatic index on tb_jar_list(name)
E/SQLiteLog( 2851): (284) automatic index on tb_jar_list(name)
D/PowerAppDbManager( 3090): uri: content://com.meizu.safe.provider/power_app_level has changed
E/PowerAppDbManager( 3090): get installed package set is null
D/PowerAppDbManager( 3090): uri: content://com.meizu.safe.provider/power_app_level has changed
E/PowerAppDbManager( 3090): get installed package set is null
D/PowerAppDbManager( 3090): uri: content://com.meizu.safe.provider/power_app_level has changed
E/PowerAppDbManager( 3090): get installed package set is null
D/PowerAppDbManager( 3090): uri: content://com.meizu.safe.provider/power_app_level has changed
E/PowerAppDbManager( 3090): get installed package set is null
E/SQLiteLog( 2851): (284) automatic index on tb_jar_list(name)
E/SQLiteLog( 2851): (284) automatic index on tb_jar_list(name)
D/PowerAppDbManager( 3090): uri: content://com.meizu.safe.provider/power_app_level has changed
E/PowerAppDbManager( 3090): get installed package set is null
D/PowerAppDbManager( 3090): uri: content://com.meizu.safe.provider/power_app_level has changed
E/PowerAppDbManager( 3090): get installed package set is null
E/MetadataRetrieverClient(  309): failed to extract an album art
D/PowerAppDbManager( 3090): uri: content://com.meizu.safe.provider/power_app_level has changed
E/PowerAppDbManager( 3090): get installed package set is null
D/PowerAppDbManager( 3090): uri: content://com.meizu.safe.provider/power_app_level has changed
E/SQLiteLog( 2851): (284) automatic index on tb_jar_list(name)
E/SQLiteLog( 2851): (284) automatic index on tb_jar_list(name)
E/PowerAppDbManager( 3090): get installed package set is null
D/PowerAppDbManager( 3090): uri: content://com.meizu.safe.provider/power_app_level has changed
E/PowerAppDbManager( 3090): get installed package set is null
D/PowerAppDbManager( 3090): uri: content://com.meizu.safe.provider/power_app_level has changed
E/PowerAppDbManager( 3090): get installed package set is null
D/PowerAppDbManager( 3090): uri: content://com.meizu.safe.provider/power_app_level has changed
E/PowerAppDbManager( 3090): get installed package set is null
D/PowerAppDbManager( 3090): uri: content://com.meizu.safe.provider/power_app_level has changed
E/PowerAppDbManager( 3090): get installed package set is null
E/SQLiteLog( 2851): (284) automatic index on tb_jar_list(name)
E/SQLiteLog( 2851): (284) automatic index on tb_jar_list(name)
D/PowerAppDbManager( 3090): uri: content://com.meizu.safe.provider/power_app_level has changed
E/PowerAppDbManager( 3090): get installed package set is null
E/MetadataRetrieverClient(  309): failed to extract an album art
D/PowerAppDbManager( 3090): uri: content://com.meizu.safe.provider/power_app_level has changed
E/PowerAppDbManager( 3090): get installed package set is null
D/PowerAppDbManager( 3090): uri: content://com.meizu.safe.provider/power_app_level has changed
E/PowerAppDbManager( 3090): get installed package set is null
D/PowerAppDbManager( 3090): uri: content://com.meizu.safe.provider/power_app_level has changed
E/PowerAppDbManager( 3090): get installed package set is null
D/PowerAppDbManager( 3090): uri: content://com.meizu.safe.provider/power_app_level has changed
E/PowerAppDbManager( 3090): get installed package set is null
E/SQLiteLog( 2851): (284) automatic index on tb_jar_list(name)
E/SQLiteLog( 2851): (284) automatic index on tb_jar_list(name)
D/PowerAppDbManager( 3090): uri: content://com.meizu.safe.provider/power_app_level has changed
E/PowerAppDbManager( 3090): get installed package set is null
D/PowerAppDbManager( 3090): uri: content://com.meizu.safe.provider/power_app_level has changed
E/PowerAppDbManager( 3090): get installed package set is null
D/PowerAppDbManager( 3090): uri: content://com.meizu.safe.provider/power_app_level has changed
E/PowerAppDbManager( 3090): get installed package set is null
D/PowerAppDbManager( 3090): uri: content://com.meizu.safe.provider/power_app_level has changed
E/PowerAppDbManager( 3090): get installed package set is null
E/MetadataRetrieverClient(  309): failed to extract an album art
E/SQLiteLog( 2851): (284) automatic index on tb_jar_list(name)
E/SQLiteLog( 2851): (284) automatic index on tb_jar_list(name)
D/PowerAppDbManager( 3090): uri: content://com.meizu.safe.provider/power_app_level has changed
E/PowerAppDbManager( 3090): get installed package set is null
W/BackupManagerService(  927): dataChanged but no participant pkg='com.android.providers.settings' uid=10008
D/PowerAppDbManager( 3090): uri: content://com.meizu.safe.provider/power_app_level has changed
E/PowerAppDbManager( 3090): get installed package set is null
W/BackupManagerService(  927): dataChanged but no participant pkg='com.android.providers.settings' uid=10008
D/PowerAppDbManager( 3090): uri: content://com.meizu.safe.provider/power_app_level has changed
E/PowerAppDbManager( 3090): get installed package set is null
W/BackupManagerService(  927): dataChanged but no participant pkg='com.android.providers.settings' uid=10008
D/PowerAppDbManager( 3090): uri: content://com.meizu.safe.provider/power_app_level has changed
E/PowerAppDbManager( 3090): get installed package set is null
E/SQLiteLog( 2851): (284) automatic index on tb_jar_list(name)
E/SQLiteLog( 2851): (284) automatic index on tb_jar_list(name)
W/BackupManagerService(  927): dataChanged but no participant pkg='com.android.providers.settings' uid=10008
D/PowerAppDbManager( 3090): uri: content://com.meizu.safe.provider/power_app_level has changed
E/PowerAppDbManager( 3090): get installed package set is null
D/PowerAppDbManager( 3090): uri: content://com.meizu.safe.provider/power_app_level has changed
E/PowerAppDbManager( 3090): get installed package set is null
D/PowerAppDbManager( 3090): uri: content://com.meizu.safe.provider/power_app_level has changed
E/PowerAppDbManager( 3090): get installed package set is null
