D/CallNotifier( 4286): updatePhoneStateListeners()
D/PhoneApp( 4286): PhoneAppBroadcastReceiver.onReceiver(android.intent.action.ANY_DATA_STATE)
D/PhoneApp( 4286): PhoneAppBroadcastReceiver.onReceiver(android.intent.action.SIM_STATE_CHANGED)
D/PhoneInterfaceManager( 4286): [PhoneIntfMgr] SubscriptionManager.getPhoneId(2147483643)=0
D/PhoneInterfaceManager( 4286): [PhoneIntfMgr] ServiceState= 3
D/Telephony( 4286): SimSlotStateMgr: updateSimState() slotId: 0, iccState: NOT_READY, slotOn: false, simState: UNKNOWN -> NOT_READY, availableSIMCount: 0
D/Telephony( 4286): SimSlotStateMgr: updateSimState() notify com.android.phone.CallNotifier$2@123eb50c, slotId: 0, newState: NOT_READY, slotOn: false
D/Telephony( 4286): FlymeUsageLogMgr: onSimStateChanged() simCount: 0 -> 0
D/Telephony( 4286): SimSlotStateMgr: updateSimState() notify com.meizu.phone.utils.usagelog.FlymeUsageLogMgr$2@3324ee55, slotId: 0, newState: NOT_READY, slotOn: false
D/Telephony( 4286): SimSlotStateMgr: SimSlotStates=> slotState[NOT_READY, ]simAvailable[false, ]
D/PhoneApp( 4286): PhoneAppBroadcastReceiver.onReceiver(android.intent.action.SERVICE_STATE)
D/NotificationMgr( 4286): updateNetworkSelection() serviceState: 3, slotId: 0, subId: 2147483643, phoneType: 1
D/NotificationMgr( 4286): updateNetworkSelection()... network_selection_key2147483643 : 
D/NotificationMgr( 4286): updateNetworkSelection()...state = 3 new network 
D/NotificationMgr( 4286): updateNetworkSelection() not notified
D/PhoneApp( 4286): onSubscriptionsChanged start
D/PhoneApp( 4286): isHotSwapHanppened : false
D/PhoneApp( 4286): onSubscriptionsChanged end
D/Telephony( 4286): TelecomAccountRegistry: onSubscriptionsChanged()
D/Telephony( 4286): TelecomAccountRegistry: Found 1 phones.  Attempting to register.
D/Telephony( 4286): TelecomAccountRegistry: Phone with subscription id 2147483643
D/PhoneInterfaceManager( 4286): [PhoneIntfMgr] SubscriptionManager.getPhoneId(2147483643)=0
D/PhoneInterfaceManager( 4286): [PhoneIntfMgr] ServiceState= 3
D/Telephony( 4286): TelecomAccountRegistry: SIM 0 is disabled, skip...
E/PhoneInterfaceManager( 4286): [PhoneIntfMgr] getIccId: No UICC
D/Telecom (  927): PhoneAccountRegistrar: addOrReplacePhoneAccount(ComponentInfo{com.android.phone/com.android.services.telephony.TelephonyConnectionService}, [e0184adedf913b076626646d3f52c3b49c39ad6d], UserHandle{0} -> [PhoneAccount: ComponentInfo{com.android.phone/com.android.services.telephony.TelephonyConnectionService}, [e0184adedf913b076626646d3f52c3b49c39ad6d], UserHandle{0} Capabilities: 54 Schemes: tel voicemail ])
D/Telephony( 4286): AccountEntry: Registered phoneAccount: [PhoneAccount: ComponentInfo{com.android.phone/com.android.services.telephony.TelephonyConnectionService}, [e0184adedf913b076626646d3f52c3b49c39ad6d], UserHandle{0} Capabilities: 54 Schemes: tel voicemail ] with handle: ComponentInfo{com.android.phone/com.android.services.telephony.TelephonyConnectionService}, [e0184adedf913b076626646d3f52c3b49c39ad6d], UserHandle{0}
I/Telephony( 4286): PstnIncomingCallNotifier: Registering: Handler (com.android.internal.telephony.gsm.GSMPhone) {140c5a57}
I/Telephony( 4286): PstnIncomingCallNotifier: onCreate register for EVENT_VOICE_CALL_INCOMING_INDICATION
I/ActivityManager(  927): Start proc 4437:com.meizu.mzcountservice/1000 for broadcast com.meizu.mzcountservice/.BootCompleteReceiver
I/ThermalEngine(  318): Sensor:chg_therm:35000 mC
D/Telephony( 4286): AccountEntry: getPhoneAccountHandle: accounntHandles [ComponentInfo{com.android.phone/com.android.services.telephony.TelephonyConnectionService}, [e0184adedf913b076626646d3f52c3b49c39ad6d], UserHandle{0}]
D/Telephony( 4286): TelecomAccountRegistry: getPhoneAccountHandle: accounntHandles [ComponentInfo{com.android.phone/com.android.services.telephony.TelephonyConnectionService}, [e0184adedf913b076626646d3f52c3b49c39ad6d], UserHandle{0}]
D/Telephony( 4286): : onServiceStateChanged() 3 => 3
V/Telephony( 4286): TtyManager: got setTtyMode response
D/CallNotifier( 4286): updatePhoneStateListeners()
D/PhoneApp( 4286): onSubscriptionsChanged start
D/PhoneApp( 4286): isHotSwapHanppened : false
D/PhoneApp( 4286): onSubscriptionsChanged end
D/Telephony( 4286): TelecomAccountRegistry: onSubscriptionsChanged()
I/Telephony( 4286): PstnIncomingCallNotifier: Unregistering: Handler (com.android.internal.telephony.gsm.GSMPhone) {140c5a57}
D/Telephony( 4286): TelecomAccountRegistry: Found 1 phones.  Attempting to register.
D/Telephony( 4286): TelecomAccountRegistry: Phone with subscription id 2147483643
D/PhoneInterfaceManager( 4286): [PhoneIntfMgr] SubscriptionManager.getPhoneId(2147483643)=0
D/PhoneInterfaceManager( 4286): [PhoneIntfMgr] ServiceState= 3
D/Telephony( 4286): TelecomAccountRegistry: SIM 0 is disabled, skip...
E/PhoneInterfaceManager( 4286): [PhoneIntfMgr] getIccId: No UICC
D/Telecom (  927): PhoneAccountRegistrar: addOrReplacePhoneAccount(ComponentInfo{com.android.phone/com.android.services.telephony.TelephonyConnectionService}, [e0184adedf913b076626646d3f52c3b49c39ad6d], UserHandle{0} -> [PhoneAccount: ComponentInfo{com.android.phone/com.android.services.telephony.TelephonyConnectionService}, [e0184adedf913b076626646d3f52c3b49c39ad6d], UserHandle{0} Capabilities: 54 Schemes: tel voicemail ])
D/Telephony( 4286): AccountEntry: Registered phoneAccount: [PhoneAccount: ComponentInfo{com.android.phone/com.android.services.telephony.TelephonyConnectionService}, [e0184adedf913b076626646d3f52c3b49c39ad6d], UserHandle{0} Capabilities: 54 Schemes: tel voicemail ] with handle: ComponentInfo{com.android.phone/com.android.services.telephony.TelephonyConnectionService}, [e0184adedf913b076626646d3f52c3b49c39ad6d], UserHandle{0}
I/Telephony( 4286): PstnIncomingCallNotifier: Registering: Handler (com.android.internal.telephony.gsm.GSMPhone) {140c5a57}
I/Telephony( 4286): PstnIncomingCallNotifier: onCreate register for EVENT_VOICE_CALL_INCOMING_INDICATION
D/Telephony( 4286): AccountEntry: getPhoneAccountHandle: accounntHandles [ComponentInfo{com.android.phone/com.android.services.telephony.TelephonyConnectionService}, [e0184adedf913b076626646d3f52c3b49c39ad6d], UserHandle{0}]
D/Telephony( 4286): TelecomAccountRegistry: getPhoneAccountHandle: accounntHandles [ComponentInfo{com.android.phone/com.android.services.telephony.TelephonyConnectionService}, [e0184adedf913b076626646d3f52c3b49c39ad6d], UserHandle{0}]
V/KeyguardUpdateMonitor( 1812): action android.intent.action.SIM_STATE_CHANGED state: NOT_READY slotId: 0 subid: 2147483643
D/KeyguardUpdateMonitor( 1812): handleSimStateChange(subId=2147483643, slotId=0, state=UNKNOWN)
D/MobileDataController( 1812): mSubReceiver action = android.intent.action.SIM_STATE_CHANGED
D/MobileDataController( 1812): registerPreferredNetworkModeObserverForSubRecordChange
D/NetworkManagementMz: TrafficStateController( 3000): mSimStateReceiver + Intent { act=android.intent.action.SIM_STATE_CHANGED flg=0x4000010 (has extras) }
D/PhoneApp( 4286): PhoneAppBroadcastReceiver.onReceiver(android.intent.action.ACTION_SUBINFO_RECORD_UPDATED)
D/NetworkManagementMz: TrafficStateController( 3000): state NOT_READY
D/NetworkManagementMz: TrafficStateController( 3000): slot 0
D/NetworkManagementMz( 3000): LocalSubscriptionManager : getSubId 0
D/GpsLocationProvider(  927): received SIM realted action: 
D/MzPhoneInterfaceManager( 4286): get34GCapabilityPhoneId, phoneId: -1
D/MobileDataController( 1812): get34GCapabilityPhoneId, phoneId: -1
D/MobileDataController( 1812): get34GCapabilitySubId Invalid subId
D/MzPhoneInterfaceManager( 4286): get34GCapabilityPhoneId, phoneId: -1
D/MobileDataController( 1812): get34GCapabilityPhoneId, phoneId: -1
D/MobileDataController( 1812): get34GCapabilitySubId Invalid subId
D/NetworkController( 1812): onReceive: intent=Intent { act=android.intent.action.SIM_STATE_CHANGED flg=0x4000010 (has extras) }
D/NetworkManagementMz( 3000): LocalSubscriptionManager : intSubId 2147483643
D/NetworkManagementMz( 3000): LocalSubscriptionManager : subId[0] is : 2147483643
D/DeviceInfo( 3401): [getSimState] simState = 6
D/NetworkManagementMz: LocalTelephonyManager( 3000): imsi null
D/NetworkManagementMz: TrafficState( 3000): slot0 imsi = null
D/GpsLocationProvider(  927): SIM MCC/MNC is still not available
D/MccTable( 4286): updateMccMncConfiguration mccmnc='' fromServiceState=false
D/MobileDataController( 1812): isValidSubId subId:2147483643
D/NetworkController( 1812): onReceive: intent=Intent { act=android.intent.action.ACTION_DEFAULT_VOICE_SUBSCRIPTION_CHANGED flg=0x20000010 (has extras) }
E/NetworkController( 1812): Cannot find controller for voice sub: 2147483643
D/MobileDataController( 1812): is valid: false
D/QSTile.MobileDataTile( 1812): handleUpdateState state=SignalState[visible=false,icon=ResourceIcon[resId=0x7f020466],label=数据连接,contentDescription=null,dualLabelContentDescription=null,autoMirrorDrawable=true,intermediate=false,enabled=false,connected=false,activityIn=false,activityOut=false,overlayIconId=0,filter=true,wideOverlayIcon=false]
E/SQLiteLog( 4286): (1) no such column: network_mode
D/AndroidRuntime( 4286): Shutting down VM
E/AndroidRuntime( 4286): FATAL EXCEPTION: main
E/AndroidRuntime( 4286): Process: com.android.phone, PID: 4286
E/AndroidRuntime( 4286): android.database.sqlite.SQLiteException: no such column: network_mode (code 1): , while compiling: UPDATE siminfo SET network_mode=? WHERE _id=2147483643
E/AndroidRuntime( 4286): 	at android.database.sqlite.SQLiteConnection.nativePrepareStatement(Native Method)
E/AndroidRuntime( 4286): 	at android.database.sqlite.SQLiteConnection.acquirePreparedStatement(SQLiteConnection.java:889)
E/AndroidRuntime( 4286): 	at android.database.sqlite.SQLiteConnection.prepare(SQLiteConnection.java:500)
E/AndroidRuntime( 4286): 	at android.database.sqlite.SQLiteSession.prepare(SQLiteSession.java:588)
E/AndroidRuntime( 4286): 	at android.database.sqlite.SQLiteProgram.<init>(SQLiteProgram.java:58)
E/AndroidRuntime( 4286): 	at android.database.sqlite.SQLiteStatement.<init>(SQLiteStatement.java:31)
E/AndroidRuntime( 4286): 	at android.database.sqlite.SQLiteDatabase.updateWithOnConflict(SQLiteDatabase.java:1574)
E/AndroidRuntime( 4286): 	at android.database.sqlite.SQLiteDatabase.update(SQLiteDatabase.java:1522)
E/AndroidRuntime( 4286): 	at com.android.providers.telephony.TelephonyProvider.update(TelephonyProvider.java:1159)
E/AndroidRuntime( 4286): 	at android.content.ContentProvider$Transport.update(ContentProvider.java:337)
E/AndroidRuntime( 4286): 	at android.content.ContentResolver.update(ContentResolver.java:1333)
E/AndroidRuntime( 4286): 	at com.android.internal.telephony.SubscriptionController.setNwMode(SubscriptionController.java:1672)
E/AndroidRuntime( 4286): 	at com.android.internal.telephony.SubscriptionHelper.updateNwModesInSubIdTable(SubscriptionHelper.java:152)
E/AndroidRuntime( 4286): 	at com.android.internal.telephony.SubscriptionHelper.updateNwMode(SubscriptionHelper.java:218)
E/AndroidRuntime( 4286): 	at com.android.internal.telephony.SubscriptionInfoUpdater.updateSubscriptionInfoByIccId(SubscriptionInfoUpdater.java:603)
E/AndroidRuntime( 4286): 	at com.android.internal.telephony.SubscriptionInfoUpdater.updateIccAvailability(SubscriptionInfoUpdater.java:322)
E/AndroidRuntime( 4286): 	at com.android.internal.telephony.SubscriptionInfoUpdater.handleMessage(SubscriptionInfoUpdater.java:245)
E/AndroidRuntime( 4286): 	at android.os.Handler.dispatchMessage(Handler.java:102)
E/AndroidRuntime( 4286): 	at android.os.Looper.loop(Looper.java:135)
E/AndroidRuntime( 4286): 	at android.app.ActivityThread.main(ActivityThread.java:5254)
E/AndroidRuntime( 4286): 	at java.lang.reflect.Method.invoke(Native Method)
E/AndroidRuntime( 4286): 	at java.lang.reflect.Method.invoke(Method.java:372)
E/AndroidRuntime( 4286): 	at com.android.internal.os.ZygoteInit$MethodAndArgsCaller.run(ZygoteInit.java:904)
E/AndroidRuntime( 4286): 	at com.android.internal.os.ZygoteInit.main(ZygoteInit.java:699)
W/ActivityManager(  927): Process com.android.phone has crashed too many times: killing!
I/ActivityManager(  927): Killing 3308:com.android.keychain/1000 (adj 15): empty #17
W/System.err( 3247): java.lang.ClassNotFoundException: meizu.os.DeviceStateManager$RemoteHandle
W/System.err( 3247): 	at java.lang.Class.classForName(Native Method)
W/System.err( 3247): 	at java.lang.Class.forName(Class.java:309)
W/System.err( 3247): 	at java.lang.Class.forName(Class.java:273)
W/System.err( 3247): 	at com.meizu.flyme.find.refelect.DeviceStateManagerProxy.initRemoteHandle(SourceFile:41)
W/System.err( 3247): 	at com.meizu.flyme.find.refelect.DeviceStateManagerProxy.<init>(SourceFile:36)
W/System.err( 3247): 	at com.meizu.flyme.find.refelect.DeviceStateManagerProxy.getInstance(SourceFile:28)
W/System.err( 3247): 	at com.meizu.flyme.service.find.aq.d(SourceFile:59)
W/System.err( 3247): 	at com.meizu.flyme.service.find.aq.b(SourceFile:44)
W/System.err( 3247): 	at com.meizu.flyme.service.find.ServiceBootReceiver.onReceive(SourceFile:27)
W/System.err( 3247): 	at android.app.ActivityThread.handleReceiver(ActivityThread.java:2609)
W/System.err( 3247): 	at android.app.ActivityThread.access$1700(ActivityThread.java:151)
W/System.err( 3247): 	at android.app.ActivityThread$H.handleMessage(ActivityThread.java:1380)
W/System.err( 3247): 	at android.os.Handler.dispatchMessage(Handler.java:102)
W/System.err( 3247): 	at android.os.Looper.loop(Looper.java:135)
W/System.err( 3247): 	at android.app.ActivityThread.main(ActivityThread.java:5254)
W/System.err( 3247): 	at java.lang.reflect.Method.invoke(Native Method)
W/System.err( 3247): 	at java.lang.reflect.Method.invoke(Method.java:372)
W/System.err( 3247): 	at com.android.internal.os.ZygoteInit$MethodAndArgsCaller.run(ZygoteInit.java:904)
W/System.err( 3247): 	at com.android.internal.os.ZygoteInit.main(ZygoteInit.java:699)
W/System.err( 3247): Caused by: java.lang.ClassNotFoundException: Didn't find class "meizu.os.DeviceStateManager$RemoteHandle" on path: DexPathList[[zip file "/system/app/MzPhoneLocationService/MzPhoneLocationService.apk"],nativeLibraryDirectories=[/system/app/MzPhoneLocationService/lib/arm, /vendor/lib, /system/lib]]
W/System.err( 3247): 	at dalvik.system.BaseDexClassLoader.findClass(BaseDexClassLoader.java:56)
W/System.err( 3247): 	at java.lang.ClassLoader.loadClass(ClassLoader.java:511)
W/System.err( 3247): 	at java.lang.ClassLoader.loadClass(ClassLoader.java:469)
W/System.err( 3247): 	... 19 more
W/System.err( 3247): 	Suppressed: java.lang.ClassNotFoundException: meizu.os.DeviceStateManager$RemoteHandle
W/System.err( 3247): 		at java.lang.Class.classForName(Native Method)
W/System.err( 3247): 		at java.lang.BootClassLoader.findClass(ClassLoader.java:781)
W/System.err( 3247): 		at java.lang.BootClassLoader.loadClass(ClassLoader.java:841)
W/System.err( 3247): 		at java.lang.ClassLoader.loadClass(ClassLoader.java:504)
W/System.err( 3247): 		... 20 more
W/System.err( 3247): 	Caused by: java.lang.NoClassDefFoundError: Class not found using the boot class loader; no stack available
D/ServiceBootReceiver( 3247): on boot complete:false
I/Adreno-EGL(  927): <qeglDrvAPI_eglInitialize:410>: EGL 1.4 QUALCOMM build: AU_LINUX_ANDROID_LA.BF.1.1.1.C2.05.00.00.046.002_msm8974_LA.BF.1.1.1.C2__release_AU ()
I/Adreno-EGL(  927): OpenGL ES Shader Compiler Version: E031.25.03.00
I/Adreno-EGL(  927): Build Date: 01/06/15 Tue
I/Adreno-EGL(  927): Local Branch: mybranch6793908
I/Adreno-EGL(  927): Remote Branch: quic/LA.BF.1.1.1.c2
I/Adreno-EGL(  927): Local Patches: NONE
I/Adreno-EGL(  927): Reconstruct Branch: AU_LINUX_ANDROID_LA.BF.1.1.1.C2.05.00.00.046.002 +  NOTHING
I/OpenGLRenderer(  927): Initialized EGL, version 1.4
D/SafeApplication( 3000):     ---> need not wait for init_data...
D/NetworkManagementMz: TrafficReceiver( 3000): action : android.intent.action.BOOT_COMPLETED
W/ContextImpl( 3000): Calling a method in the system process without a qualified user: android.app.ContextImpl.startService:1692 android.content.ContextWrapper.startService:516 android.content.ContextWrapper.startService:516 com.meizu.safe.blockService.receiver.PowerConnectionReceiver.onReceive:33 android.app.ActivityThread.handleReceiver:2609 
D/MzBlockService( 3000): SDKUpdateService : onCreate
D/MzBlockService( 3000): SDKUpdateService : onStartCommand
D/MzBlockService( 3000): SDKUpdateService : Check NetConnection...
D/MzBlockService( 3000): BootReceiver : BootReceiver onReceive
D/MzBlockService( 3000): BootReceiver : BootReceiver bindService
I/MzBlockService( 3000): BlockApp : startGuaidServiceIfAuthoried isAuthorized = false
I/MzBlockService( 3000): BlockApp : startGuaidService
W/ContextImpl( 3000): Calling a method in the system process without a qualified user: android.app.ContextImpl.startService:1692 android.content.ContextWrapper.startService:516 com.meizu.safe.blockService.a.c:76 com.meizu.safe.blockService.a.b:67 com.meizu.safe.blockService.service.BootReceiver.a:30 
I/MzBlockService( 3000): GuardService : onStartCommand BlockApp.SDK_INITED = true, authorized = false
I/MzBlockService( 3000): NotificationUtil : action : android.intent.action.BOOT_COMPLETED
W/ContextImpl( 3000): Calling a method in the system process without a qualified user: android.app.ContextImpl.startService:1692 android.content.ContextWrapper.startService:516 android.content.ContextWrapper.startService:516 com.meizu.networkmanager.boradcast.f.run:205 java.lang.Thread.run:818 
W/System.err( 3000): java.net.UnknownHostException: Unable to resolve host "www.baidu.com": No address associated with hostname
W/System.err( 3000): 	at java.net.InetAddress.lookupHostByName(InetAddress.java:457)
W/System.err( 3000): 	at java.net.InetAddress.getAllByNameImpl(InetAddress.java:252)
W/System.err( 3000): 	at java.net.InetAddress.getAllByName(InetAddress.java:215)
W/System.err( 3000): 	at com.android.okhttp.HostResolver$1.getAllByName(HostResolver.java:29)
W/System.err( 3000): 	at com.android.okhttp.internal.http.RouteSelector.resetNextInetSocketAddress(RouteSelector.java:232)
W/System.err( 3000): 	at com.android.okhttp.internal.http.RouteSelector.next(RouteSelector.java:124)
W/System.err( 3000): 	at com.android.okhttp.internal.http.HttpEngine.connect(HttpEngine.java:272)
W/System.err( 3000): 	at com.android.okhttp.internal.http.HttpEngine.sendRequest(HttpEngine.java:211)
W/System.err( 3000): 	at com.android.okhttp.internal.http.HttpURLConnectionImpl.execute(HttpURLConnectionImpl.java:382)
W/System.err( 3000): 	at com.android.okhttp.internal.http.HttpURLConnectionImpl.connect(HttpURLConnectionImpl.java:106)
W/System.err( 3000): 	at com.android.okhttp.internal.http.DelegatingHttpsURLConnection.connect(DelegatingHttpsURLConnection.java:89)
W/System.err( 3000): 	at com.android.okhttp.internal.http.HttpsURLConnectionImpl.connect(HttpsURLConnectionImpl.java:25)
W/System.err( 3000): 	at com.meizu.safe.blockService.service.SDKUpdateService.a(SDKUpdateService.java:218)
W/System.err( 3000): 	at com.meizu.safe.blockService.service.c.run(SDKUpdateService.java:129)
W/System.err( 3000): 	at java.lang.Thread.run(Thread.java:818)
W/System.err( 3000): Caused by: android.system.GaiException: android_getaddrinfo failed: EAI_NODATA (No address associated with hostname)
W/System.err( 3000): 	at libcore.io.Posix.android_getaddrinfo(Native Method)
W/System.err( 3000): 	at libcore.io.ForwardingOs.android_getaddrinfo(ForwardingOs.java:55)
W/System.err( 3000): 	at java.net.InetAddress.lookupHostByName(InetAddress.java:438)
W/System.err( 3000): 	... 14 more
D/MzBlockService( 3000): SDKUpdateService : Network connect abnormal!
D/MzBlockService( 3000): SDKUpdateService : mIsNetAvailable:0
I/ActivityManager(  927): Start proc 4466:com.meizu.flyme.update/1000 for broadcast com.meizu.flyme.update/.receiver.BootCompleteReceiver
D/MzBlockService( 3000): SDKUpdateService : mIsAlarmOff : true
I/ActivityManager(  927): Waited long enough for: ServiceRecord{11538d58 u0 com.meizu.account/.service.MeizuAccountService}
D/NetworkManagementMz: TrafficReceiver( 3000): start ResetAlarmService
D/MzBlockService( 3000): SDKUpdateService : Upgrade failed! Alarm is 2016年05月14日 01:05:00
D/MzBlockService( 3000): SDKUpdateService : setAlarm
D/SafeApplication( 3000):     ---> need not wait for init_data...
D/MzBlockService( 3000): SDKUpdateService : onDestroy
D/PhoneInterfaceManager( 4286): [PhoneIntfMgr] getDataEnabled: subId=2147483643 phoneId=0
D/PhoneInterfaceManager( 4286): [PhoneIntfMgr] getDataEnabled: subId=2147483643 retVal=true
D/TelephonyManager( 3000): getDataEnabled: retVal=true
D/NetworkManagementMz: Utils( 3000): The slotId of mobile data enable is : 0
D/NetworkManagementMz( 3000): LocalSubscriptionManager : getSubId 0
D/NetworkManagementMz( 3000): LocalSubscriptionManager : intSubId 2147483643
D/NetworkManagementMz( 3000): ManagerApplication : subId[0] is : 2147483643
D/NetworkManagementMz: LocalTelephonyManager( 3000): imsi null
W/ContextImpl( 4466): Calling a method in the system process without a qualified user: android.app.ContextImpl.bindService:1756 android.content.ContextWrapper.bindService:539 com.meizu.cloud.download.service.DownloadService.a:150 com.meizu.flyme.update.AppApplication.onCreate:19 android.app.Instrumentation.callApplicationOnCreate:1012 
I/ActivityManager(  927): Start proc 4489:com.android.packageinstaller/1000 for broadcast com.android.packageinstaller/.AppFirstLaunchReceiver
I/art     (  323): Explicit concurrent mark sweep GC freed 709(30KB) AllocSpace objects, 0(0B) LOS objects, 40% free, 15MB/26MB, paused 223us total 11.814ms
I/art     (  323): Explicit concurrent mark sweep GC freed 5(160B) AllocSpace objects, 0(0B) LOS objects, 40% free, 15MB/26MB, paused 187us total 8.869ms
I/art     (  323): Explicit concurrent mark sweep GC freed 5(160B) AllocSpace objects, 0(0B) LOS objects, 40% free, 15MB/26MB, paused 189us total 8.487ms
D/AppFirstLaunchReceiver( 4489): Intent { act=android.intent.action.BOOT_COMPLETED flg=0x8000010 cmp=com.android.packageinstaller/.AppFirstLaunchReceiver (has extras) }
I/ActivityManager(  927): Killing 3429:com.meizu.mpay/u0a51 (adj 15): empty #17
I/ActivityManager(  927): Start proc 4511:com.qualcomm.qcrilmsgtunnel/1001 for broadcast com.qualcomm.qcrilmsgtunnel/.QcrilMsgTunnelAutoboot
I/ActivityManager(  927): Killing 3342:com.meizu.mstore/u0a34 (adj 15): empty #17
W/art     (  927): Long monitor contention event with owner method=void com.android.server.am.ActivityManagerService.trimApplications() from ActivityManagerService.java:4294967295 waiters=1 for 130ms
I/ThermalEngine(  318): Sensor:tmp108:45000 mC
D/QcrilMsgTunnelAutoboot( 4511): ComponentInfo{com.qualcomm.qcrilmsgtunnel/com.qualcomm.qcrilmsgtunnel.QcrilMsgTunnelService} started successfully
D/QcrilMsgTunnelService( 4511): onCreate method
D/QcrilMsgTunnelIfaceManager( 4511): : Instantiated
V/QcrilMsgTunnelSocket( 4511): Starting QcRil Sender & Receiver threads
D/QcrilMsgTunnelIfaceManager( 4511):  Registered for UNSOL OEM HOOK Responses to deliver external apps
I/ActivityManager(  927): Start proc 4537:com.vlife.mxlock.wallpaper:main/u0a68 for broadcast com.vlife.mxlock.wallpaper/com.vlife.BReceiver
I/ModuleFactory( 4537): [2][ModuleFactory][tid_1](195)curProcessName=com.vlife.mxlock.wallpaper:main
D/PLUGINDOWNLOAD( 4537): initModule invoke metaData:Bundle[mParcelledData.dataSize=588]
D/PLUGINDOWNLOAD( 4537): initModule invoke product_type:release
I/Process ( 4286): Sending signal. PID: 4286 SIG: 9
E/AudioPolicyManager(  309): unknown stream type 13
E/AudioPolicyManager(  309): unknown stream type 13
E/AudioPolicyManager(  309): unknown stream type 13
E/AudioPolicyManager(  309): unknown stream type 13
E/AudioPolicyManager(  309): unknown stream type 13
E/AudioPolicyManager(  309): unknown stream type 13
E/AudioPolicyManager(  309): unknown stream type 13
E/AudioPolicyManager(  309): unknown stream type 13
E/AudioPolicyManager(  309): unknown stream type 13
E/AudioPolicyManager(  309): unknown stream type 13
D/audio_hw_primary(  309): out_set_parameters: enter: usecase(1: low-latency-playback) kvpairs: routing=2
E/AudioPolicyManager(  309): unknown stream type 13
I/ServiceManager(  252): service 'simphonebook' died
I/ServiceManager(  252): service 'iphonesubinfo' died
I/ServiceManager(  252): service 'isms' died
I/ServiceManager(  252): service 'phone' died
I/ServiceManager(  252): service 'phone_ext' died
I/ServiceManager(  252): service 'sip' died
D/WifiService(  927): Client connection lost with reason: 4
I/ServiceManager(  252): service 'isub' died
I/ActivityManager(  927): Process com.android.phone (pid 4286) has died
W/ActivityManager(  927): Scheduling restart of crashed service com.android.phone/.TelephonyDebugService in 0ms
I/dex2oat ( 4566): /system/bin/dex2oat --runtime-arg -classpath --runtime-arg  --instruction-set=arm --instruction-set-features=div --runtime-arg -Xrelocate --boot-image=/system/framework/boot.art --dex-file=/data/data/com.vlife.mxlock.wallpaper/plugin/vlife-sdk-module.apk --oat-fd=22 --oat-location=/data/data/com.vlife.mxlock.wallpaper/app_dex/main_com.vlife.plugin.module_54/vlife-sdk-module.dex --runtime-arg -Xms64m --runtime-arg -Xmx512m
I/ActivityManager(  927): Start proc 4568:com.android.phone/1001 for restart com.android.phone
I/ActivityManager(  927): Killing 3498:com.meizu.customizecenter/u0a5 (adj 15): empty #17
W/InputEventReceiver( 2851): Attempted to finish an input event but the input event receiver has already been disposed.
E/AudioPolicyManager(  309): unknown stream type 13
E/AudioPolicyManager(  309): unknown stream type 13
E/AudioPolicyManager(  309): unknown stream type 13
E/AudioPolicyManager(  309): unknown stream type 13
E/AudioPolicyManager(  309): unknown stream type 13
E/AudioPolicyManager(  309): unknown stream type 13
E/AudioPolicyManager(  309): unknown stream type 13
E/AudioPolicyManager(  309): unknown stream type 13
E/AudioPolicyManager(  309): unknown stream type 13
E/AudioPolicyManager(  309): unknown stream type 13
E/AudioPolicyManager(  309): unknown stream type 13
E/AudioPolicyManager(  309): unknown stream type 13
E/AudioPolicyManager(  309): unknown stream type 13
E/AudioPolicyManager(  309): unknown stream type 13
E/AudioPolicyManager(  309): unknown stream type 13
E/AudioPolicyManager(  309): unknown stream type 13
E/AudioPolicyManager(  309): unknown stream type 13
E/AudioPolicyManager(  309): unknown stream type 13
E/AudioPolicyManager(  309): unknown stream type 13
W/art     (  927): Long monitor contention event with owner method=void com.android.server.am.ActivityManagerService.serviceDoneExecuting(android.os.IBinder, int, int, int) from ActivityManagerService.java:4294967295 waiters=2 for 267ms
D/PalmRejection( 1812): add tips layout, mScreenOnAndTooClose = false, mTipsViewAdded = false
I/MeizuKeyguardThemeManager( 1812): dispatchTouchEvent 0
I/wpa_supplicant( 2608): type=1400 audit(0.0:59): avc: denied { sendto } for uid=1010 path="/data/misc/cutback/wpa_ctrl_307-2" scontext=u:r:wpa:s0 tcontext=u:r:rild:s0 tclass=unix_dgram_socket permissive=1
I/WifiHAL (  927): Poll result = 1
I/WifiHAL (  927): Found some events!!!
D/WifiHAL (  927): no_seq_check received
I/WifiHAL (  927): event received NL80211_CMD_NEW_SCAN_RESULTS
I/WifiHAL (  927): event received NL80211_CMD_NEW_SCAN_RESULTS, vendor_id = 0x0
I/WifiHAL (  927): event ignored!!
D/MDMCTBK (  307): reply_len: 40 reply is = IFNAME=wlan0 <3>CTRL-EVENT-BSS-ADDED 12 
D/MDMCTBK (  307): Event received = CTRL-EVENT-BSS-ADDED 12 
D/MDMCTBK (  307): reply_len: 40 reply is = IFNAME=wlan0 <3>CTRL-EVENT-SCAN-RESULTS 
D/MDMCTBK (  307): Event received = CTRL-EVENT-SCAN-RESULTS 
D/MDMCTBK (  307): reply_len: 40 reply is = IFNAME=wlan0 <3>WPS-AP-AVAILABLE 
D/MDMCTBK (  307): Event received = WPS-AP-AVAILABLE 
D/wifi_gbk2utf(  927): parseScanResults, line=id=0
D/wifi_gbk2utf(  927):  
D/wifi_gbk2utf(  927): parseScanResults, line=bssid=54:b8:0a:36:95:e4
D/wifi_gbk2utf(  927):  
D/wifi_gbk2utf(  927): parseScanResults, line=freq=5180
D/wifi_gbk2utf(  927):  
D/wifi_gbk2utf(  927): parseScanResults, line=level=-49
D/wifi_gbk2utf(  927):  
D/wifi_gbk2utf(  927): parseScanResults, line=tsf=0000000308532254
D/wifi_gbk2utf(  927):  
D/wifi_gbk2utf(  927): parseScanResults, line=flags=[WPA-PSK-CCMP+TKIP][WPA2-PSK-CCMP+TKIP][ESS]
D/wifi_gbk2utf(  927):  
D/wifi_gbk2utf(  927): parseScanResults, line=ssid=dlink-95E2
D/wifi_gbk2utf(  927):  
D/wifi_gbk2utf(  927): parseScanResults, ssid = dlink-95E2, buf = dlink-95E2,isUTF8= 0, isCh = 0
D/wifi_gbk2utf(  927): parseScanResults, line=====
D/wifi_gbk2utf(  927):  
D/wifi_gbk2utf(  927): After sscanf,ssid:dlink-95E2, isCh:0
D/wifi_gbk2utf(  927): parseScanResults, line=id=1
D/wifi_gbk2utf(  927):  
D/wifi_gbk2utf(  927): parseScanResults, line=bssid=54:b8:0a:36:95:e2
D/wifi_gbk2utf(  927):  
D/wifi_gbk2utf(  927): parseScanResults, line=freq=2462
D/wifi_gbk2utf(  927):  
D/wifi_gbk2utf(  927): parseScanResults, line=level=-36
D/wifi_gbk2utf(  927):  
D/wifi_gbk2utf(  927): parseScanResults, line=tsf=0000000308532227
D/wifi_gbk2utf(  927):  
D/wifi_gbk2utf(  927): parseScanResults, line=flags=[WPA-PSK-CCMP+TKIP][WPA2-PSK-CCMP+TKIP][WPS][ESS]
D/wifi_gbk2utf(  927):  
D/wifi_gbk2utf(  927): parseScanResults, line=ssid=dlink-95E2
D/wifi_gbk2utf(  927):  
D/wifi_gbk2utf(  927): parseScanResults, ssid = dlink-95E2, buf = dlink-95E2,isUTF8= 0, isCh = 0
D/wifi_gbk2utf(  927): parseScanResults, line=====
D/wifi_gbk2utf(  927):  
D/wifi_gbk2utf(  927): After sscanf,ssid:dlink-95E2, isCh:0
D/wifi_gbk2utf(  927): parseScanResults, line=id=2
D/wifi_gbk2utf(  927):  
D/wifi_gbk2utf(  927): parseScanResults, line=bssid=54:b8:0a:36:95:e6
D/wifi_gbk2utf(  927):  
D/wifi_gbk2utf(  927): parseScanResults, line=freq=5805
D/wifi_gbk2utf(  927):  
D/wifi_gbk2utf(  927): parseScanResults, line=level=-41
D/wifi_gbk2utf(  927):  
D/wifi_gbk2utf(  927): parseScanResults, line=tsf=0000000308532238
D/wifi_gbk2utf(  927):  
D/wifi_gbk2utf(  927): parseScanResults, line=flags=[WPA-PSK-CCMP+TKIP][WPA2-PSK-CCMP+TKIP][WPS][ESS]
D/wifi_gbk2utf(  927):  
D/wifi_gbk2utf(  927): parseScanResults, line=ssid=dlink-95E2
D/wifi_gbk2utf(  927):  
D/wifi_gbk2utf(  927): parseScanResults, ssid = dlink-95E2, buf = dlink-95E2,isUTF8= 0, isCh = 0
D/wifi_gbk2utf(  927): parseScanResults, line=====
D/wifi_gbk2utf(  927):  
D/wifi_gbk2utf(  927): After sscanf,ssid:dlink-95E2, isCh:0
D/wifi_gbk2utf(  927): parseScanResults, line=id=3
D/wifi_gbk2utf(  927):  
D/wifi_gbk2utf(  927): parseScanResults, line=bssid=20:10:7a:df:13:ee
D/wifi_gbk2utf(  927):  
D/wifi_gbk2utf(  927): parseScanResults, line=freq=2412
D/wifi_gbk2utf(  927):  
D/wifi_gbk2utf(  927): parseScanResults, line=level=-42
D/wifi_gbk2utf(  927):  
D/wifi_gbk2utf(  927): parseScanResults, line=tsf=0000000308532248
D/wifi_gbk2utf(  927):  
D/wifi_gbk2utf(  927): parseScanResults, line=flags=[WPA2-PSK-CCMP+TKIP][WPS][ESS]
D/wifi_gbk2utf(  927):  
D/wifi_gbk2utf(  927): parseScanResults, line=ssid=AandA
D/wifi_gbk2utf(  927):  
D/wifi_gbk2utf(  927): parseScanResults, ssid = AandA, buf = AandA,isUTF8= 0, isCh = 0
D/wifi_gbk2utf(  927): parseScanResults, line=====
D/wifi_gbk2utf(  927):  
D/wifi_gbk2utf(  927): After sscanf,ssid:AandA, isCh:0
D/wifi_gbk2utf(  927): parseScanResults, line=id=4
D/wifi_gbk2utf(  927):  
D/wifi_gbk2utf(  927): parseScanResults, line=bssid=00:1d:d3:5c:d0:30
D/wifi_gbk2utf(  927):  
D/wifi_gbk2utf(  927): parseScanResults, line=freq=2437
D/wifi_gbk2utf(  927):  
D/wifi_gbk2utf(  927): parseScanResults, line=level=-47
D/wifi_gbk2utf(  927):  
D/wifi_gbk2utf(  927): parseScanResults, line=tsf=0000000308532261
D/wifi_gbk2utf(  927):  
D/wifi_gbk2utf(  927): parseScanResults, line=flags=[WPA2-PSK-CCMP][WPS][ESS]
D/wifi_gbk2utf(  927):  
D/wifi_gbk2utf(  927): parseScanResults, line=ssid=Yang
D/wifi_gbk2utf(  927):  
D/wifi_gbk2utf(  927): parseScanResults, ssid = Yang, buf = Yang,isUTF8= 0, isCh = 0
D/wifi_gbk2utf(  927): parseScanResults, line=====
D/wifi_gbk2utf(  927):  
D/wifi_gbk2utf(  927): After sscanf,ssid:Yang, isCh:0
D/wifi_gbk2utf(  927): parseScanResults, line=id=5
D/wifi_gbk2utf(  927):  
D/wifi_gbk2utf(  927): parseScanResults, line=bssid=c4:6e:1f:d7:70:e4
D/wifi_gbk2utf(  927):  
D/wifi_gbk2utf(  927): parseScanResults, line=freq=2452
D/wifi_gbk2utf(  927):  
D/wifi_gbk2utf(  927): parseScanResults, line=level=-57
D/wifi_gbk2utf(  927):  
D/wifi_gbk2utf(  927): parseScanResults, line=tsf=0000000308532267
D/wifi_gbk2utf(  927):  
D/wifi_gbk2utf(  927): parseScanResults, line=flags=[WPA-PSK-CCMP][WPA2-PSK-CCMP][WPS][ESS]
D/wifi_gbk2utf(  927):  
D/wifi_gbk2utf(  927): parseScanResults, line=ssid=nightman
D/wifi_gbk2utf(  927):  
D/wifi_gbk2utf(  927): parseScanResults, ssid = nightman, buf = nightman,isUTF8= 0, isCh = 0
D/wifi_gbk2utf(  927): parseScanResults, line=====
D/wifi_gbk2utf(  927):  
D/wifi_gbk2utf(  927): After sscanf,ssid:nightman, isCh:0
D/wifi_gbk2utf(  927): parseScanResults, line=id=6
D/wifi_gbk2utf(  927):  
D/wifi_gbk2utf(  927): parseScanResults, line=bssid=c4:6e:1f:d7:70:e5
D/wifi_gbk2utf(  927):  
D/wifi_gbk2utf(  927): parseScanResults, line=freq=5805
D/wifi_gbk2utf(  927):  
D/wifi_gbk2utf(  927): parseScanResults, line=level=-66
D/wifi_gbk2utf(  927):  
D/wifi_gbk2utf(  927): parseScanResults, line=tsf=0000000308532273
D/wifi_gbk2utf(  927):  
D/wifi_gbk2utf(  927): parseScanResults, line=flags=[WPA-PSK-CCMP][WPA2-PSK-CCMP][WPS][ESS]
D/wifi_gbk2utf(  927):  
D/wifi_gbk2utf(  927): parseScanResults, line=ssid=Dayman
D/wifi_gbk2utf(  927):  
D/wifi_gbk2utf(  927): parseScanResults, ssid = Dayman, buf = Dayman,isUTF8= 0, isCh = 0
D/wifi_gbk2utf(  927): parseScanResults, line=====
D/wifi_gbk2utf(  927):  
D/wifi_gbk2utf(  927): After sscanf,ssid:Dayman, isCh:0
D/wifi_gbk2utf(  927): parseScanResults, line=id=7
D/wifi_gbk2utf(  927):  
D/wifi_gbk2utf(  927): parseScanResults, line=bssid=5c:57:1a:c1:42:e0
D/wifi_gbk2utf(  927):  
D/wifi_gbk2utf(  927): parseScanResults, line=freq=2462
D/wifi_gbk2utf(  927):  
D/wifi_gbk2utf(  927): parseScanResults, line=level=-71
D/wifi_gbk2utf(  927):  
D/wifi_gbk2utf(  927): parseScanResults, line=tsf=0000000308532286
D/wifi_gbk2utf(  927):  
D/wifi_gbk2utf(  927): parseScanResults, line=flags=[WPA2-PSK-CCMP][WPS][ESS]
D/wifi_gbk2utf(  927):  
D/wifi_gbk2utf(  927): parseScanResults, line=ssid=bebo
D/wifi_gbk2utf(  927):  
D/wifi_gbk2utf(  927): parseScanResults, ssid = bebo, buf = bebo,isUTF8= 0, isCh = 0
D/wifi_gbk2utf(  927): parseScanResults, line=====
D/wifi_gbk2utf(  927):  
D/wifi_gbk2utf(  927): After sscanf,ssid:bebo, isCh:0
D/wifi_gbk2utf(  927): parseScanResults, line=id=8
D/wifi_gbk2utf(  927):  
D/wifi_gbk2utf(  927): parseScanResults, line=bssid=20:10:7a:91:03:2f
D/wifi_gbk2utf(  927):  
D/wifi_gbk2utf(  927): parseScanResults, line=freq=2412
D/wifi_gbk2utf(  927):  
D/wifi_gbk2utf(  927): parseScanResults, line=level=-78
D/wifi_gbk2utf(  927):  
D/wifi_gbk2utf(  927): parseScanResults, line=tsf=0000000308532293
D/wifi_gbk2utf(  927):  
D/wifi_gbk2utf(  927): parseScanResults, line=flags=[WPA2-PSK-CCMP][WPS][ESS]
D/wifi_gbk2utf(  927):  
D/wifi_gbk2utf(  927): parseScanResults, line=ssid=Mehfouz
D/wifi_gbk2utf(  927):  
D/wifi_gbk2utf(  927): parseScanResults, ssid = Mehfouz, buf = Mehfouz,isUTF8= 0, isCh = 0
D/wifi_gbk2utf(  927): parseScanResults, line=====
D/wifi_gbk2utf(  927):  
D/wifi_gbk2utf(  927): After sscanf,ssid:Mehfouz, isCh:0
D/wifi_gbk2utf(  927): parseScanResults, line=id=9
D/wifi_gbk2utf(  927):  
D/wifi_gbk2utf(  927): parseScanResults, line=bssid=f8:35:dd:f2:3f:ff
D/wifi_gbk2utf(  927):  
D/wifi_gbk2utf(  927): parseScanResults, line=freq=2412
D/wifi_gbk2utf(  927):  
D/wifi_gbk2utf(  927): parseScanResults, line=level=-67
D/wifi_gbk2utf(  927):  
D/wifi_gbk2utf(  927): parseScanResults, line=tsf=0000000308532280
D/wifi_gbk2utf(  927):  
D/wifi_gbk2utf(  927): parseScanResults, line=flags=[WPA2-PSK-CCMP+TKIP][WPS][ESS]
D/wifi_gbk2utf(  927):  
D/wifi_gbk2utf(  927): parseScanResults, line=ssid=fredzqm
D/wifi_gbk2utf(  927):  
D/wifi_gbk2utf(  927): parseScanResults, ssid = fredzqm, buf = fredzqm,isUTF8= 0, isCh = 0
D/wifi_gbk2utf(  927): parseScanResults, line=====
D/wifi_gbk2utf(  927):  
D/wifi_gbk2utf(  927): After sscanf,ssid:fredzqm, isCh:0
D/wifi_gbk2utf(  927): parseScanResults, line=id=10
D/wifi_gbk2utf(  927):  
D/wifi_gbk2utf(  927): parseScanResults, line=bssid=98:fc:11:6c:9c:7e
D/wifi_gbk2utf(  927):  
D/wifi_gbk2utf(  927): parseScanResults, line=freq=2437
D/wifi_gbk2utf(  927):  
D/wifi_gbk2utf(  927): parseScanResults, line=level=-84
D/wifi_gbk2utf(  927):  
D/wifi_gbk2utf(  927): parseScanResults, line=tsf=0000000308532306
D/wifi_gbk2utf(  927):  
D/wifi_gbk2utf(  927): parseScanResults, line=flags=[WPA-PSK-CCMP+TKIP][WPA2-PSK-CCMP+TKIP][WPS][ESS]
D/wifi_gbk2utf(  927):  
D/wifi_gbk2utf(  927): parseScanResults, line=ssid=AskJeeves
D/wifi_gbk2utf(  927):  
D/wifi_gbk2utf(  927): parseScanResults, ssid = AskJeeves, buf = AskJeeves,isUTF8= 0, isCh = 0
D/wifi_gbk2utf(  927): parseScanResults, line=====
D/wifi_gbk2utf(  927):  
D/wifi_gbk2utf(  927): After sscanf,ssid:AskJeeves, isCh:0
D/wifi_gbk2utf(  927): parseScanResults, line=id=11
D/wifi_gbk2utf(  927):  
D/wifi_gbk2utf(  927): parseScanResults, line=bssid=f8:35:dd:1c:6d:8e
D/wifi_gbk2utf(  927):  
D/wifi_gbk2utf(  927): parseScanResults, line=freq=2412
D/wifi_gbk2utf(  927):  
D/wifi_gbk2utf(  927): parseScanResults, line=level=-82
D/wifi_gbk2utf(  927):  
D/wifi_gbk2utf(  927): parseScanResults, line=tsf=0000000308532300
D/wifi_gbk2utf(  927):  
D/wifi_gbk2utf(  927): parseScanResults, line=flags=[WPA2-PSK-CCMP][WPS][ESS]
D/wifi_gbk2utf(  927):  
D/wifi_gbk2utf(  927): parseScanResults, line=ssid=Bryce and Mike
D/wifi_gbk2utf(  927):  
D/wifi_gbk2utf(  927): parseScanResults, ssid = Bryce and Mike, buf = Bryce and Mike,isUTF8= 0, isCh = 0
D/wifi_gbk2utf(  927): parseScanResults, line=====
D/wifi_gbk2utf(  927):  
D/wifi_gbk2utf(  927): After sscanf,ssid:Bryce and Mike, isCh:0
D/wifi_gbk2utf(  927): parseScanResults, line=id=12
D/wifi_gbk2utf(  927):  
D/wifi_gbk2utf(  927): parseScanResults, line=bssid=3c:a8:2a:cb:21:0b
D/wifi_gbk2utf(  927):  
D/wifi_gbk2utf(  927): parseScanResults, line=freq=2437
D/wifi_gbk2utf(  927):  
D/wifi_gbk2utf(  927): parseScanResults, line=level=-90
D/wifi_gbk2utf(  927):  
D/wifi_gbk2utf(  927): parseScanResults, line=tsf=0000000308532311
D/wifi_gbk2utf(  927):  
D/wifi_gbk2utf(  927): parseScanResults, line=flags=[WPA2-PSK-CCMP][ESS]
D/wifi_gbk2utf(  927):  
D/wifi_gbk2utf(  927): parseScanResults, line=ssid=HP-Print-0B-Deskjet 2540 series
D/wifi_gbk2utf(  927):  
D/wifi_gbk2utf(  927): parseScanResults, ssid = HP-Print-0B-Deskjet 2540 series, buf = HP-Print-0B-Deskjet 2540 series,isUTF8= 0, isCh = 0
D/wifi_gbk2utf(  927): parseScanResults, line=#### 
D/PalmRejection( 1812): add tips layout, mScreenOnAndTooClose = false, mTipsViewAdded = false
I/MeizuKeyguardThemeManager( 1812): dispatchTouchEvent 1
D/StatusBar( 1812): Clicked on content of -1|android|17040664|null|1000
E/AudioPolicyManager(  309): unknown stream type 13
E/AudioPolicyManager(  309): unknown stream type 13
E/AudioPolicyManager(  309): unknown stream type 13
E/AudioPolicyManager(  309): unknown stream type 13
E/AudioPolicyManager(  309): unknown stream type 13
E/AudioPolicyManager(  309): unknown stream type 13
E/AudioPolicyManager(  309): unknown stream type 13
E/AudioPolicyManager(  309): unknown stream type 13
E/AudioPolicyManager(  309): unknown stream type 13
E/AudioPolicyManager(  309): unknown stream type 13
D/ChargeViewUtils( 1812): onExpandingStarted
D/PanelView( 1812): non keyguard-shade mode, notify panel expansion change normally
I/ActivityManager(  927): START u0 {act=android.intent.action.MAIN cat=[android.intent.category.LAUNCHER] flg=0x10008000 cmp=com.android.settings/.DevelopmentSettings} from uid 1000 on display 0
V/WindowManager(  927): addAppToken: AppWindowToken{2d64c1ee token=Token{c3ba369 ActivityRecord{3e181f0 u0 com.android.settings/.DevelopmentSettings t4}}} to stack=1 task=4 at 0
D/PanelView( 1812): non keyguard-shade mode, notify panel expansion change normally
D/audio_hw_primary(  309): out_set_parameters: enter: usecase(1: low-latency-playback) kvpairs: routing=2
E/AudioPolicyManager(  309): unknown stream type 13
V/WindowManager(  927): Adding window Window{39417887 u0 Starting com.android.settings} at 2 of 7 (after Window{36533779 u0 com.meizu.flyme.launcher/com.meizu.flyme.launcher.Launcher})
D/PanelView( 1812): non keyguard-shade mode, notify panel expansion change normally
D/PanelView( 1812): non keyguard-shade mode, notify panel expansion change normally
D/GLStaticBlurView( 1812):  onDraw
D/PanelView( 1812): non keyguard-shade mode, notify panel expansion change normally
D/GLStaticBlurView( 1812):  onDraw
D/PanelView( 1812): non keyguard-shade mode, notify panel expansion change normally
D/GLStaticBlurView( 1812):  onDraw
D/PanelView( 1812): non keyguard-shade mode, notify panel expansion change normally
D/GLStaticBlurView( 1812):  onDraw
D/PanelView( 1812): non keyguard-shade mode, notify panel expansion change normally
D/GLStaticBlurView( 1812):  onDraw
D/PanelView( 1812): non keyguard-shade mode, notify panel expansion change normally
D/GLStaticBlurView( 1812):  onDraw
D/TelephonyProvider( 4568): dbh.onOpen: ok, queried table=siminfo
D/TelephonyProvider( 4568): dbh.onOpen: ok, queried table=carriers
D/PanelView( 1812): non keyguard-shade mode, notify panel expansion change normally
D/GLStaticBlurView( 1812):  onDraw
D/PanelView( 1812): non keyguard-shade mode, notify panel expansion change normally
D/GLStaticBlurView( 1812):  onDraw
E/AudioPolicyManager(  309): unknown stream type 13
E/AudioPolicyManager(  309): unknown stream type 13
E/AudioPolicyManager(  309): unknown stream type 13
E/AudioPolicyManager(  309): unknown stream type 13
E/AudioPolicyManager(  309): unknown stream type 13
E/AudioPolicyManager(  309): unknown stream type 13
E/AudioPolicyManager(  309): unknown stream type 13
E/AudioPolicyManager(  309): unknown stream type 13
E/AudioPolicyManager(  309): unknown stream type 13
E/AudioPolicyManager(  309): unknown stream type 13
E/AudioPolicyManager(  309): unknown stream type 13
E/AudioPolicyManager(  309): unknown stream type 13
E/AudioPolicyManager(  309): unknown stream type 13
E/AudioPolicyManager(  309): unknown stream type 13
E/AudioPolicyManager(  309): unknown stream type 13
E/AudioPolicyManager(  309): unknown stream type 13
E/AudioPolicyManager(  309): unknown stream type 13
E/AudioPolicyManager(  309): unknown stream type 13
E/AudioPolicyManager(  309): unknown stream type 13
D/PanelView( 1812): non keyguard-shade mode, notify panel expansion change normally
D/GLStaticBlurView( 1812):  onDraw
D/GpsLocationProvider(  927): received SIM realted action: 
D/GpsLocationProvider(  927): SIM MCC/MNC is still not available
V/KeyguardUpdateMonitor( 1812): action android.intent.action.SIM_STATE_CHANGED state: NOT_READY slotId: 0 subid: 2147483643
D/MobileDataController( 1812): mSubReceiver action = android.intent.action.SIM_STATE_CHANGED
D/MobileDataController( 1812): registerPreferredNetworkModeObserverForSubRecordChange
D/MobileDataController( 1812): get34GCapabilityPhoneId, phoneId: 0
D/MobileDataController( 1812): get34GCapabilitySubId subId[0] = 2147483643
D/NetworkManagementMz: TrafficStateController( 3000): mSimStateReceiver + Intent { act=android.intent.action.SIM_STATE_CHANGED flg=0x4000010 (has extras) }
D/NetworkManagementMz: TrafficStateController( 3000): state NOT_READY
D/NetworkManagementMz: TrafficStateController( 3000): slot 0
D/NetworkManagementMz( 3000): LocalSubscriptionManager : getSubId 0
D/MobileDataController( 1812): get34GCapabilityPhoneId, phoneId: 0
D/MobileDataController( 1812): get34GCapabilitySubId subId[0] = 2147483643
D/NetworkController( 1812): onReceive: intent=Intent { act=android.intent.action.SIM_STATE_CHANGED flg=0x4000010 (has extras) }
E/DcSwitchStateMachine-0( 4568): DctController is not ready
D/KeyguardUpdateMonitor( 1812): handleSimStateChange(subId=2147483643, slotId=0, state=UNKNOWN)
E/ConnectivityService(  927): Failed to find Messenger in unregisterNetworkFactory
D/NetworkManagementMz( 3000): LocalSubscriptionManager : intSubId 2147483643
D/NetworkManagementMz( 3000): LocalSubscriptionManager : subId[0] is : 2147483643
D/PanelView( 1812): non keyguard-shade mode, notify panel expansion change normally
D/ConnectivityService(  927): Got NetworkFactory Messenger for Telephony
D/GLStaticBlurView( 1812):  onDraw
D/NetworkManagementMz: LocalTelephonyManager( 3000): imsi null
D/NetworkManagementMz: TrafficState( 3000): slot0 imsi = null
D/PanelView( 1812): non keyguard-shade mode, notify panel expansion change normally
D/GLStaticBlurView( 1812):  onDraw
D/DeviceInfo( 3401): [getSimState] simState = 6
D/PanelView( 1812): non keyguard-shade mode, notify panel expansion change normally
D/GLStaticBlurView( 1812):  onDraw
D/MobileDataController( 1812): isValidSubId subId:2147483643
D/TelephonyManager( 3000): getDataEnabled: retVal=false
D/NetworkManagementMz( 3000): LocalSubscriptionManager : getSubId 0
D/OpenGLRenderer( 2199): Use EGL_SWAP_BEHAVIOR_PRESERVED: true
D/CallNotifier( 4568): registerForSuppServiceNotification
D/CallNotifier( 4568): registerForSuppServiceNotification, 0
D/NetworkManagementMz( 3000): LocalSubscriptionManager : intSubId 2147483643
D/NetworkManagementMz( 3000): ManagerApplication : subId[0] is : 2147483643
V/WindowManager(  927): Adding window Window{1dc3fd5e u0 com.android.settings/com.android.settings.DevelopmentSettings} at 2 of 8 (before Window{39417887 u0 Starting com.android.settings})
D/PanelView( 1812): non keyguard-shade mode, notify panel expansion change normally
D/GLStaticBlurView( 1812):  onDraw
I/rmt_storage(  304): rmt_storage_connect_cb: clnt_h=0xd conn_h=0xb6403098
I/rmt_storage(  304): rmt_storage_rw_iovec_cb: /boot/modem_fs1: clnt_h=0x1: req_h=0x11 msg_id=3: R/W request received
I/rmt_storage(  304): wakelock acquired: 1, error no: 42
D/NetworkManagementMz: LocalTelephonyManager( 3000): imsi null
D/NetworkManagementMz( 3000): LocalSubscriptionManager : getSubId 1
D/NetworkManagementMz( 3000): LocalSubscriptionManager : getSubId 0
I/rmt_storage(  304): rmt_storage_client_thread: /boot/modem_fs1: clnt_h=0x1 Unblock worker thread (th_id: -1236807552)
D/PanelView( 1812): non keyguard-shade mode, notify panel expansion change normally
D/GLStaticBlurView( 1812):  onDraw
D/NetworkManagementMz( 3000): LocalSubscriptionManager : intSubId 2147483643
D/NetworkManagementMz( 3000): ManagerApplication : subId[0] is : 2147483643
D/NetworkManagementMz: LocalTelephonyManager( 3000): imsi null
D/PanelView( 1812): non keyguard-shade mode, notify panel expansion change normally
D/GLStaticBlurView( 1812):  blurUnderMeRect
D/MobileDataController( 1812): is valid: false
D/GLStaticBlurView( 1812):  onDraw
D/PanelView( 1812): non keyguard-shade mode, notify panel expansion change normally
D/PanelView( 1812): non keyguard-shade mode, notify panel expansion change normally
D/PhoneStatusBar( 1812): disable: < expand icons alerts system_info back home recent clock search >
D/QSTile.MobileDataTile( 1812): handleUpdateState state=SignalState[visible=false,icon=ResourceIcon[resId=0x7f020466],label=数据连接,contentDescription=null,dualLabelContentDescription=null,autoMirrorDrawable=true,intermediate=false,enabled=false,connected=false,activityIn=false,activityOut=false,overlayIconId=0,filter=true,wideOverlayIcon=false]
D/MzPhoneInterfaceManager( 4568): MzPhoneInterfaceManager init: null
D/MzPhoneInterfaceManager( 4568): new MzPhoneInterfaceManager: 
D/MzPhoneInterfaceManager( 4568): [PhoneIntfMgrExt] publish: com.android.phone.MzPhoneInterfaceManager@14537a2d
D/BluetoothManagerService(  927): Message: 20
D/BluetoothManagerService(  927): Added callback: android.bluetooth.IBluetoothManagerCallback$Stub$Proxy@26be665b:true
D/BluetoothManagerService(  927): Message: 30
D/BluetoothManagerService(  927): Trying to bind to profile: 1, while Bluetooth was disabled
D/CallNotifier( 4568): updatePhoneStateListeners()
D/GLStaticBlurView( 1812):  onDraw
V/Telephony( 4568): TtyManager: updateTtyMode 0 -> 0
I/Telephony( 4568): TtyManager: updateUiTtyMode -1 -> 0
D/ImageWallpaper( 1812): onVisibilityChanged: mVisible, visible=true, false
D/ImageWallpaper( 1812): Visibility changed to visible=false
D/FlymeCallService( 4568):  - [FlymeCallGlobals] onCreate() ...
I/rmt_storage(  304): rmt_storage_client_thread: /boot/modem_fs1: clnt_h=0x1: req_h=0x11 msg_id=3: Bytes written = 1572864
I/rmt_storage(  304): rmt_storage_client_thread: /boot/modem_fs1: clnt_h=0x1: req_h=0x11 msg_id=3: Send response: res=0 err=0
I/rmt_storage(  304): rmt_storage_client_thread: /boot/modem_fs1: clnt_h=0x1 About to block rmt_storage client thread (th_id: -1236807552) wakelock released: 1, error no: 0
I/rmt_storage(  304): 
I/rmt_storage(  304): rmt_storage_disconnect_cb: clnt_h=0x0xd conn_h=0x0xb6403098
D/WebCallManager( 4568): [isFlymeCommunicationOpened] opened = false
I/MDMCTBK (  307): mot_update_Apm_state new_state=1,  old_State =0
I/MDMCTBK (  307): get_property_value, Enter
I/MDMCTBK (  307): get_property_value, Values read from property=1,0,0,0,0,0,0,0,0,0,1,0, length=23
I/MDMCTBK (  307): get_property_value, Exit
I/MDMCTBK (  307): MdmCutbackHndler updateApmState, Airplane Mode new_state =1, old_state=0
I/MDMCTBK (  307):  
I/MDMCTBK (  307): MdmCutbackHndler Status: Qmi =1, cg=0, ep=0, vc=0, dc=0, cn=0, wf=0, mf=0, wfd=0, apm=1, usb=1, stopqmi=0
I/MDMCTBK (  307): set_property_value, Enter
I/MDMCTBK (  307): set_property_value, Values updated in the property=1,0,0,0,0,0,0,0,0,1,1,0
I/MDMCTBK (  307): set_property_value, Values updated in the property file Successfully
I/MDMCTBK (  307): set_property_value, Exit
E/MDMCTBK (  307): MdmCutbackHndler,Airplane Mode Enabled !! =1
