D/FlymeCallService( 4568): [FlymeCallAccountRegistry] - updateAccounts: accounntHandles [ComponentInfo{com.android.phone/com.android.services.telephony.TelephonyConnectionService}, [e0184adedf913b076626646d3f52c3b49c39ad6d], UserHandle{0}]
D/WebCallManager( 4568): [WebCallManager] new callmanager = com.meizu.webcall.WebCallManager@3f3c5cdc
D/WebCallManager( 4568): [isFlymeCommunicationOpened] opened = false
D/FlymeCallService( 4568): [FlymeCallTracker]  - bindToFlymeCallService() service is disabled, remove callback...
D/FlymeCallService( 4568): [FlymeCallTracker]  - [clearDisconnected] before, []
D/FlymeCallService( 4568): [FlymeCallTracker]  - [clearDisconnected] after, []
D/FlymeCallService( 4568): [FlymeCallTracker]  - bindToFlymeCallService() CallManager: com.meizu.services.flymecall.WebCallManager@3f26c1e5, mCallBack: null, this=com.meizu.services.flymecall.FlymeCallTracker@eb284ba
D/FlymeCallService( 4568): WebCallManager_Local - unregister callback
D/FlymeCallService( 4568): WebCallManager_Local - addCallBack() mWebCallManager: com.meizu.webcall.WebCallManager@3f3c5cdc, mCallBack: null
D/FlymeCallService( 4568):  - [FlymeCallGlobals] onCreate() EXIT
D/[MzMultiPhonesUtil]-Telephony( 4568): updateMultiSimConfig() sIsDSDA=false, sIsDSDS=false
D/[MzMultiPhonesUtil]-Telephony( 4568): getSubIdFromPhoneAccount() ERROR: Invalid int: "E"
D/[MzMultiPhonesUtil]-Telephony( 4568): updatePhoneAccounts() slot0: null
D/[MzMultiPhonesUtil]-Telephony( 4568): initialize() OK, subId_0=2147483643]
D/Telephony( 4568): FlymeUsageLogMgr: onSimStateChanged() simCount: -1 -> 0
D/TelephonyDebugService( 4568): TelephonyDebugService()
D/GpsLocationProvider(  927): received SIM realted action: 
V/KeyguardUpdateMonitor( 1812): onSubscriptionInfoChanged()
V/KeyguardUpdateMonitor( 1812): onSubscriptionInfoChanged: list is null
D/GpsLocationProvider(  927): SIM MCC/MNC is still not available
I/MDMCTBK (  307): mot_update_VoiceCall_State new_count =0, curr_count=0
I/MDMCTBK (  307): get_property_value, Enter
I/MDMCTBK (  307): get_property_value, Values read from property=1,0,0,0,0,0,0,0,0,1,1,0, length=23
I/MDMCTBK (  307): get_property_value, Exit
I/MDMCTBK (  307): MdmCutbackHndler,UptateVoiceCallCount new_count=0, call_on= 0
D/NetworkController( 1812): onReceive: intent=Intent { act=android.provider.Telephony.SPN_STRINGS_UPDATED flg=0x20000010 (has extras) }
W/art     ( 2199): Before Android 4.1, method void com.meizu.common.preference.SwitchPreference.syncSummaryView(android.view.View) would have incorrectly overridden the package-private method in android.preference.TwoStatePreference
V/DownloadManager( 2851): Service state changed: Bundle[mParcelledData.dataSize=924]
V/DownloadManager( 2851): mRoamingStateListener roaming ------> false
V/DownloadManager( 2851): auto download without roaming -> true
V/DownloadManager( 2851): auto download during roaming -> false roaming -> false
V/DownloadManager( 2851): mRoamingStateListener mAutoDownload ------> true
V/DownloadManager( 2851): mRoamingStateListener mAutoDownload2 ------> false, multi sim device = false
I/MDMCTBK (  307): mot_update_Apm_state new_state=0,  old_State =1
I/MDMCTBK (  307): get_property_value, Enter
I/MDMCTBK (  307): get_property_value, Values read from property=1,0,0,0,0,0,0,0,0,1,1,0, length=23
I/MDMCTBK (  307): get_property_value, Exit
I/MDMCTBK (  307): MdmCutbackHndler updateApmState, Airplane Mode new_state =0, old_state=1
I/MDMCTBK (  307):  
I/MDMCTBK (  307): MdmCutbackHndler Status: Qmi =1, cg=0, ep=0, vc=0, dc=0, cn=0, wf=0, mf=0, wfd=0, apm=0, usb=1, stopqmi=0
I/MDMCTBK (  307): set_property_value, Enter
I/MDMCTBK (  307): set_property_value, Values updated in the property=1,0,0,0,0,0,0,0,0,0,1,0
I/MDMCTBK (  307): set_property_value, Values updated in the property file Successfully
I/MDMCTBK (  307): set_property_value, Exit
I/MDMCTBK (  307): setSarCtrl:set SAR over QMI, conn:0, ep:0,wf:0, mf:0, chrg:1
D/SimCardStateReceiver( 2471): onReceive: android.intent.action.SERVICE_STATE
I/MDMCTBK (  307): send SAR ctrl over QMI
D/PhoneInterfaceManager( 4568): [PhoneIntfMgr] getDataNetworkType=0
D/YPIntentService( 2471): onHandleIntent com.meizu.yellowpage.refresh_sim_state
D/PhoneInterfaceManager( 4568): [PhoneIntfMgr] getDataNetworkType=0
D/PhoneInterfaceManager( 4568): [PhoneIntfMgr] getDataNetworkType=0
D/PhoneInterfaceManager( 4568): [PhoneIntfMgr] getDataNetworkType=0
D/PhoneInterfaceManager( 4568): [PhoneIntfMgr] getDataNetworkType=0
D/PhoneInterfaceManager( 4568): [PhoneIntfMgr] getDataNetworkType=0
D/PhoneInterfaceManager( 4568): [PhoneIntfMgr] getDataNetworkType=0
D/PhoneInterfaceManager( 4568): [PhoneIntfMgr] getDataNetworkType=0
D/PhoneInterfaceManager( 4568): [PhoneIntfMgr] getDataNetworkType=0
D/PhoneInterfaceManager( 4568): [PhoneIntfMgr] getDataNetworkType=0
D/PhoneInterfaceManager( 4568): [PhoneIntfMgr] getDataNetworkType=0
D/PhoneInterfaceManager( 4568): [PhoneIntfMgr] getDataNetworkType=0
W/System.err( 2471): java.lang.NumberFormatException: Invalid int: "E"
W/System.err( 2471): 	at java.lang.Integer.invalidInt(Integer.java:138)
W/System.err( 2471): 	at java.lang.Integer.parse(Integer.java:410)
W/System.err( 2471): 	at java.lang.Integer.parseInt(Integer.java:367)
W/System.err( 2471): 	at java.lang.Integer.parseInt(Integer.java:334)
W/System.err( 2471): 	at com.meizu.yellowpage.utils.o.a(SourceFile:125)
W/System.err( 2471): 	at com.meizu.yellowpage.utils.SimCardStateUtils.h(SourceFile:255)
W/System.err( 2471): 	at com.meizu.yellowpage.utils.SimCardStateUtils.b(SourceFile:124)
W/System.err( 2471): 	at com.meizu.yellowpage.net.YPIntentService.e(SourceFile:339)
W/System.err( 2471): 	at com.meizu.yellowpage.net.YPIntentService.onHandleIntent(SourceFile:286)
W/System.err( 2471): 	at android.app.IntentService$ServiceHandler.handleMessage(IntentService.java:65)
W/System.err( 2471): 	at android.os.Handler.dispatchMessage(Handler.java:102)
D/PhoneInterfaceManager( 4568): [PhoneIntfMgr] getDataNetworkType=0
W/System.err( 2471): 	at android.os.Looper.loop(Looper.java:135)
W/System.err( 2471): 	at android.os.HandlerThread.run(HandlerThread.java:61)
I/SimCardStateUtils( 2471): getSimRadioOnCount :0
D/PhoneInterfaceManager( 4568): [PhoneIntfMgr] getDataNetworkType=0
D/PhoneInterfaceManager( 4568): [PhoneIntfMgr] getDataNetworkType=0
D/PhoneInterfaceManager( 4568): [PhoneIntfMgr] getDataNetworkType=0
D/PhoneInterfaceManager( 4568): [PhoneIntfMgr] getDataNetworkType=0
D/PhoneInterfaceManager( 4568): [PhoneIntfMgr] getDataNetworkType=0
D/PhoneInterfaceManager( 4568): [PhoneIntfMgr] getDataNetworkType=0
D/PhoneInterfaceManager( 4568): [PhoneIntfMgr] getDataNetworkType=0
I/art     ( 2199): Background sticky concurrent mark sweep GC freed 41595(3MB) AllocSpace objects, 3(48KB) LOS objects, 15% free, 19MB/22MB, paused 11.190ms total 53.720ms
W/Settings( 2199): Setting bugreport_in_power_menu has moved from android.provider.Settings.Secure to android.provider.Settings.Global.
D/WifiService(  927): New client listening to asynchronous messages
D/CallNotifier( 4568): updatePhoneStateListeners()
D/PhoneApp( 4568): PhoneAppBroadcastReceiver.onReceiver(android.intent.action.ANY_DATA_STATE)
D/PhoneApp( 4568): PhoneAppBroadcastReceiver.onReceiver(android.intent.action.SIM_STATE_CHANGED)
D/PhoneInterfaceManager( 4568): [PhoneIntfMgr] SubscriptionManager.getPhoneId(2147483643)=0
D/PhoneInterfaceManager( 4568): [PhoneIntfMgr] ServiceState= 3
D/Telephony( 4568): SimSlotStateMgr: updateSimState() slotId: 0, iccState: NOT_READY, slotOn: false, simState: UNKNOWN -> NOT_READY, availableSIMCount: 0
D/Telephony( 4568): SimSlotStateMgr: updateSimState() notify com.android.phone.CallNotifier$2@3d13183f, slotId: 0, newState: NOT_READY, slotOn: false
D/Telephony( 4568): FlymeUsageLogMgr: onSimStateChanged() simCount: 0 -> 0
D/Telephony( 4568): SimSlotStateMgr: updateSimState() notify com.meizu.phone.utils.usagelog.FlymeUsageLogMgr$2@123eb50c, slotId: 0, newState: NOT_READY, slotOn: false
D/Telephony( 4568): SimSlotStateMgr: SimSlotStates=> slotState[NOT_READY, ]simAvailable[false, ]
D/PhoneApp( 4568): PhoneAppBroadcastReceiver.onReceiver(android.intent.action.SERVICE_STATE)
D/NotificationMgr( 4568): updateNetworkSelection() serviceState: 3, slotId: 0, subId: 2147483643, phoneType: 1
D/NotificationMgr( 4568): updateNetworkSelection()... network_selection_key2147483643 : 
D/NotificationMgr( 4568): updateNetworkSelection()...state = 3 new network 
D/NotificationMgr( 4568): updateNetworkSelection() not notified
D/PhoneApp( 4568): onSubscriptionsChanged start
D/PhoneApp( 4568): isHotSwapHanppened : false
D/PhoneApp( 4568): onSubscriptionsChanged end
D/Telephony( 4568): TelecomAccountRegistry: onSubscriptionsChanged()
D/Telephony( 4568): TelecomAccountRegistry: Found 1 phones.  Attempting to register.
D/Telephony( 4568): TelecomAccountRegistry: Phone with subscription id 2147483643
D/PhoneInterfaceManager( 4568): [PhoneIntfMgr] SubscriptionManager.getPhoneId(2147483643)=0
D/PhoneInterfaceManager( 4568): [PhoneIntfMgr] ServiceState= 3
D/Telephony( 4568): TelecomAccountRegistry: SIM 0 is disabled, skip...
E/PhoneInterfaceManager( 4568): [PhoneIntfMgr] getIccId: No UICC
D/Telecom (  927): PhoneAccountRegistrar: addOrReplacePhoneAccount(ComponentInfo{com.android.phone/com.android.services.telephony.TelephonyConnectionService}, [e0184adedf913b076626646d3f52c3b49c39ad6d], UserHandle{0} -> [PhoneAccount: ComponentInfo{com.android.phone/com.android.services.telephony.TelephonyConnectionService}, [e0184adedf913b076626646d3f52c3b49c39ad6d], UserHandle{0} Capabilities: 54 Schemes: tel voicemail ])
D/Telephony( 4568): AccountEntry: Registered phoneAccount: [PhoneAccount: ComponentInfo{com.android.phone/com.android.services.telephony.TelephonyConnectionService}, [e0184adedf913b076626646d3f52c3b49c39ad6d], UserHandle{0} Capabilities: 54 Schemes: tel voicemail ] with handle: ComponentInfo{com.android.phone/com.android.services.telephony.TelephonyConnectionService}, [e0184adedf913b076626646d3f52c3b49c39ad6d], UserHandle{0}
I/Telephony( 4568): PstnIncomingCallNotifier: Registering: Handler (com.android.internal.telephony.gsm.GSMPhone) {140c5a57}
I/Telephony( 4568): PstnIncomingCallNotifier: onCreate register for EVENT_VOICE_CALL_INCOMING_INDICATION
W/Settings( 2199): Setting bugreport_in_power_menu has moved from android.provider.Settings.Secure to android.provider.Settings.Global.
D/Telephony( 4568): AccountEntry: getPhoneAccountHandle: accounntHandles [ComponentInfo{com.android.phone/com.android.services.telephony.TelephonyConnectionService}, [e0184adedf913b076626646d3f52c3b49c39ad6d], UserHandle{0}]
D/Telephony( 4568): TelecomAccountRegistry: getPhoneAccountHandle: accounntHandles [ComponentInfo{com.android.phone/com.android.services.telephony.TelephonyConnectionService}, [e0184adedf913b076626646d3f52c3b49c39ad6d], UserHandle{0}]
D/Telephony( 4568): : onServiceStateChanged() 3 => 3
V/Telephony( 4568): TtyManager: got setTtyMode response
V/WindowManager(  927): Adding window Window{12f60240 u0 com.android.settings/com.android.settings.DevelopmentSettings} at 2 of 9 (before Window{1dc3fd5e u0 com.android.settings/com.android.settings.DevelopmentSettings})
D/PhoneInterfaceManager( 4568): [PhoneIntfMgr] getDataNetworkType=0
D/PhoneInterfaceManager( 4568): [PhoneIntfMgr] getDataNetworkType=0
D/PhoneInterfaceManager( 4568): [PhoneIntfMgr] getDataNetworkType=0
D/PhoneInterfaceManager( 4568): [PhoneIntfMgr] getDataNetworkType=0
D/PhoneInterfaceManager( 4568): [PhoneIntfMgr] getDataNetworkType=0
D/PhoneInterfaceManager( 4568): [PhoneIntfMgr] getDataNetworkType=0
D/PhoneInterfaceManager( 4568): [PhoneIntfMgr] getDataNetworkType=0
D/PhoneInterfaceManager( 4568): [PhoneIntfMgr] getDataNetworkType=0
D/PhoneInterfaceManager( 4568): [PhoneIntfMgr] getDataNetworkType=0
D/PhoneInterfaceManager( 4568): [PhoneIntfMgr] getDataNetworkType=0
D/PhoneInterfaceManager( 4568): [PhoneIntfMgr] getDataNetworkType=0
I/Adreno-EGL( 2199): <qeglDrvAPI_eglInitialize:410>: EGL 1.4 QUALCOMM build: AU_LINUX_ANDROID_LA.BF.1.1.1.C2.05.00.00.046.002_msm8974_LA.BF.1.1.1.C2__release_AU ()
I/Adreno-EGL( 2199): OpenGL ES Shader Compiler Version: E031.25.03.00
I/Adreno-EGL( 2199): Build Date: 01/06/15 Tue
I/Adreno-EGL( 2199): Local Branch: mybranch6793908
I/Adreno-EGL( 2199): Remote Branch: quic/LA.BF.1.1.1.c2
I/Adreno-EGL( 2199): Local Patches: NONE
I/Adreno-EGL( 2199): Reconstruct Branch: AU_LINUX_ANDROID_LA.BF.1.1.1.C2.05.00.00.046.002 +  NOTHING
I/OpenGLRenderer( 2199): Initialized EGL, version 1.4
D/PhoneInterfaceManager( 4568): [PhoneIntfMgr] getDataNetworkType=0
D/PhoneInterfaceManager( 4568): [PhoneIntfMgr] getDataNetworkType=0
D/PhoneInterfaceManager( 4568): [PhoneIntfMgr] getDataNetworkType=0
D/PhoneInterfaceManager( 4568): [PhoneIntfMgr] getDataNetworkType=0
D/PhoneInterfaceManager( 4568): [PhoneIntfMgr] getDataNetworkType=0
D/PhoneInterfaceManager( 4568): [PhoneIntfMgr] getDataNetworkType=0
D/PhoneInterfaceManager( 4568): [PhoneIntfMgr] getDataNetworkType=0
D/OpenGLRenderer( 2199): Enabling debug mode 0
D/PhoneInterfaceManager( 4568): [PhoneIntfMgr] getDataNetworkType=0
D/PhoneInterfaceManager( 4568): [PhoneIntfMgr] getDataNetworkType=0
D/CallNotifier( 4568): updatePhoneStateListeners()
D/PhoneApp( 4568): onSubscriptionsChanged start
D/PhoneApp( 4568): isHotSwapHanppened : false
D/PhoneApp( 4568): onSubscriptionsChanged end
D/Telephony( 4568): TelecomAccountRegistry: onSubscriptionsChanged()
I/Telephony( 4568): PstnIncomingCallNotifier: Unregistering: Handler (com.android.internal.telephony.gsm.GSMPhone) {140c5a57}
D/Telephony( 4568): TelecomAccountRegistry: Found 1 phones.  Attempting to register.
D/Telephony( 4568): TelecomAccountRegistry: Phone with subscription id 2147483643
D/PhoneInterfaceManager( 4568): [PhoneIntfMgr] SubscriptionManager.getPhoneId(2147483643)=0
D/PhoneInterfaceManager( 4568): [PhoneIntfMgr] ServiceState= 3
D/Telephony( 4568): TelecomAccountRegistry: SIM 0 is disabled, skip...
E/PhoneInterfaceManager( 4568): [PhoneIntfMgr] getIccId: No UICC
D/Telecom (  927): PhoneAccountRegistrar: addOrReplacePhoneAccount(ComponentInfo{com.android.phone/com.android.services.telephony.TelephonyConnectionService}, [e0184adedf913b076626646d3f52c3b49c39ad6d], UserHandle{0} -> [PhoneAccount: ComponentInfo{com.android.phone/com.android.services.telephony.TelephonyConnectionService}, [e0184adedf913b076626646d3f52c3b49c39ad6d], UserHandle{0} Capabilities: 54 Schemes: tel voicemail ])
D/Telephony( 4568): AccountEntry: Registered phoneAccount: [PhoneAccount: ComponentInfo{com.android.phone/com.android.services.telephony.TelephonyConnectionService}, [e0184adedf913b076626646d3f52c3b49c39ad6d], UserHandle{0} Capabilities: 54 Schemes: tel voicemail ] with handle: ComponentInfo{com.android.phone/com.android.services.telephony.TelephonyConnectionService}, [e0184adedf913b076626646d3f52c3b49c39ad6d], UserHandle{0}
I/Telephony( 4568): PstnIncomingCallNotifier: Registering: Handler (com.android.internal.telephony.gsm.GSMPhone) {140c5a57}
I/Telephony( 4568): PstnIncomingCallNotifier: onCreate register for EVENT_VOICE_CALL_INCOMING_INDICATION
D/Telephony( 4568): AccountEntry: getPhoneAccountHandle: accounntHandles [ComponentInfo{com.android.phone/com.android.services.telephony.TelephonyConnectionService}, [e0184adedf913b076626646d3f52c3b49c39ad6d], UserHandle{0}]
D/Telephony( 4568): TelecomAccountRegistry: getPhoneAccountHandle: accounntHandles [ComponentInfo{com.android.phone/com.android.services.telephony.TelephonyConnectionService}, [e0184adedf913b076626646d3f52c3b49c39ad6d], UserHandle{0}]
D/GpsLocationProvider(  927): received SIM realted action: 
D/PhoneApp( 4568): PhoneAppBroadcastReceiver.onReceiver(android.intent.action.ACTION_SUBINFO_RECORD_UPDATED)
D/NetworkManagementMz: TrafficStateController( 3000): mSimStateReceiver + Intent { act=android.intent.action.SIM_STATE_CHANGED flg=0x4000010 (has extras) }
D/NetworkManagementMz: TrafficStateController( 3000): state NOT_READY
D/NetworkManagementMz: TrafficStateController( 3000): slot 0
D/NetworkManagementMz( 3000): LocalSubscriptionManager : getSubId 0
D/GpsLocationProvider(  927): received SIM realted action: 
D/GpsLocationProvider(  927): SIM MCC/MNC is still not available
D/Telephony( 4568): : onServiceStateChanged() 3 => 3
D/PhoneApp( 4568): PhoneAppBroadcastReceiver.onReceiver(android.intent.action.SERVICE_STATE)
D/NotificationMgr( 4568): updateNetworkSelection() serviceState: 3, slotId: 0, subId: 2147483643, phoneType: 1
D/NotificationMgr( 4568): updateNetworkSelection()... network_selection_key2147483643 : 
D/NotificationMgr( 4568): updateNetworkSelection()...state = 3 new network 
D/NotificationMgr( 4568): updateNetworkSelection() not notified
D/NetworkManagementMz( 3000): LocalSubscriptionManager : intSubId 2147483643
D/NetworkManagementMz( 3000): LocalSubscriptionManager : subId[0] is : 2147483643
D/PhoneApp( 4568): PhoneAppBroadcastReceiver.onReceiver(android.intent.action.ANY_DATA_STATE)
V/KeyguardUpdateMonitor( 1812): action android.intent.action.SIM_STATE_CHANGED state: NOT_READY slotId: 0 subid: 2147483643
D/MobileDataController( 1812): mSubReceiver action = android.intent.action.SIM_STATE_CHANGED
D/MobileDataController( 1812): registerPreferredNetworkModeObserverForSubRecordChange
D/PhoneApp( 4568): PhoneAppBroadcastReceiver.onReceiver(android.intent.action.ANY_DATA_STATE)
I/MDMCTBK (  307): mot_update_VoiceCall_State new_count =0, curr_count=0
I/MDMCTBK (  307): get_property_value, Enter
I/MDMCTBK (  307): get_property_value, Values read from property=1,0,0,0,0,0,0,0,0,0,1,0, length=23
I/MDMCTBK (  307): get_property_value, Exit
I/MDMCTBK (  307): MdmCutbackHndler,UptateVoiceCallCount new_count=0, call_on= 0
D/MzPhoneInterfaceManager( 4568): get34GCapabilityPhoneId, phoneId: -1
D/MobileDataController( 1812): get34GCapabilityPhoneId, phoneId: -1
D/MobileDataController( 1812): get34GCapabilitySubId Invalid subId
D/MzPhoneInterfaceManager( 4568): get34GCapabilityPhoneId, phoneId: -1
D/MobileDataController( 1812): get34GCapabilityPhoneId, phoneId: -1
D/MobileDataController( 1812): get34GCapabilitySubId Invalid subId
D/NetworkController( 1812): onReceive: intent=Intent { act=android.intent.action.SIM_STATE_CHANGED flg=0x4000010 (has extras) }
D/KeyguardUpdateMonitor( 1812): handleSimStateChange(subId=2147483643, slotId=0, state=UNKNOWN)
V/KeyguardUpdateMonitor( 1812): onSubscriptionInfoChanged()
V/KeyguardUpdateMonitor( 1812): onSubscriptionInfoChanged: list is null
D/PhoneApp( 4568): PhoneAppBroadcastReceiver.onReceiver(android.intent.action.ANY_DATA_STATE)
D/PhoneApp( 4568): PhoneAppBroadcastReceiver.onReceiver(android.intent.action.ANY_DATA_STATE)
D/PhoneApp( 4568): PhoneAppBroadcastReceiver.onReceiver(android.intent.action.ANY_DATA_STATE)
D/NetworkManagementMz: LocalTelephonyManager( 3000): imsi null
D/NetworkManagementMz: TrafficState( 3000): slot0 imsi = null
D/PhoneApp( 4568): PhoneAppBroadcastReceiver.onReceiver(android.intent.action.ANY_DATA_STATE)
D/PhoneApp( 4568): PhoneAppBroadcastReceiver.onReceiver(android.intent.action.ANY_DATA_STATE)
D/DeviceInfo( 3401): [getSimState] simState = 6
D/PhoneApp( 4568): PhoneAppBroadcastReceiver.onReceiver(android.intent.action.ANY_DATA_STATE)
D/PhoneApp( 4568): PhoneAppBroadcastReceiver.onReceiver(android.intent.action.ANY_DATA_STATE)
D/PhoneApp( 4568): PhoneAppBroadcastReceiver.onReceiver(android.intent.action.ANY_DATA_STATE)
D/PhoneApp( 4568): PhoneAppBroadcastReceiver.onReceiver(android.intent.action.ANY_DATA_STATE)
D/PhoneApp( 4568): PhoneAppBroadcastReceiver.onReceiver(android.intent.action.ANY_DATA_STATE)
D/PhoneInterfaceManager( 4568): [PhoneIntfMgr] getDataEnabled: subId=2147483643 phoneId=0
D/PhoneInterfaceManager( 4568): [PhoneIntfMgr] getDataEnabled: subId=2147483643 retVal=true
D/TelephonyManager( 3000): getDataEnabled: retVal=true
D/PhoneApp( 4568): PhoneAppBroadcastReceiver.onReceiver(android.intent.action.ANY_DATA_STATE)
D/PhoneApp( 4568): PhoneAppBroadcastReceiver.onReceiver(android.intent.action.ANY_DATA_STATE)
D/PhoneApp( 4568): PhoneAppBroadcastReceiver.onReceiver(android.intent.action.ANY_DATA_STATE)
D/PhoneApp( 4568): PhoneAppBroadcastReceiver.onReceiver(android.intent.action.ANY_DATA_STATE)
D/PhoneApp( 4568): PhoneAppBroadcastReceiver.onReceiver(android.intent.action.ANY_DATA_STATE)
D/NetworkManagementMz: Utils( 3000): The slotId of mobile data enable is : 0
D/NetworkManagementMz( 3000): LocalSubscriptionManager : getSubId 0
D/PhoneApp( 4568): PhoneAppBroadcastReceiver.onReceiver(android.intent.action.ANY_DATA_STATE)
D/NetworkManagementMz( 3000): LocalSubscriptionManager : intSubId 2147483643
D/NetworkManagementMz( 3000): ManagerApplication : subId[0] is : 2147483643
D/PhoneApp( 4568): PhoneAppBroadcastReceiver.onReceiver(android.intent.action.ANY_DATA_STATE)
D/PhoneApp( 4568): PhoneAppBroadcastReceiver.onReceiver(android.intent.action.ANY_DATA_STATE)
D/GpsLocationProvider(  927): SIM MCC/MNC is still not available
V/Telephony( 4568): TtyManager: got queryTTYMode response
D/Telephony( 4568): TtyManager: setting TTY mode to 0 succeeded
D/NetworkManagementMz: LocalTelephonyManager( 3000): imsi null
D/PhoneApp( 4568): PhoneAppBroadcastReceiver.onReceiver(android.intent.action.ANY_DATA_STATE)
D/PhoneApp( 4568): PhoneAppBroadcastReceiver.onReceiver(android.intent.action.ANY_DATA_STATE)
D/PhoneApp( 4568): PhoneAppBroadcastReceiver.onReceiver(android.intent.action.ANY_DATA_STATE)
D/PhoneApp( 4568): PhoneAppBroadcastReceiver.onReceiver(android.intent.action.ANY_DATA_STATE)
D/PhoneApp( 4568): PhoneAppBroadcastReceiver.onReceiver(android.intent.action.ANY_DATA_STATE)
D/PhoneApp( 4568): PhoneAppBroadcastReceiver.onReceiver(android.intent.action.ANY_DATA_STATE)
D/PhoneApp( 4568): PhoneAppBroadcastReceiver.onReceiver(android.intent.action.ANY_DATA_STATE)
D/PhoneApp( 4568): PhoneAppBroadcastReceiver.onReceiver(android.intent.action.ANY_DATA_STATE)
D/PhoneApp( 4568): PhoneAppBroadcastReceiver.onReceiver(android.intent.action.ANY_DATA_STATE)
D/PhoneApp( 4568): PhoneAppBroadcastReceiver.onReceiver(android.intent.action.ANY_DATA_STATE)
D/PhoneApp( 4568): PhoneAppBroadcastReceiver.onReceiver(android.intent.action.ANY_DATA_STATE)
D/PhoneApp( 4568): PhoneAppBroadcastReceiver.onReceiver(android.intent.action.ANY_DATA_STATE)
D/PhoneApp( 4568): PhoneAppBroadcastReceiver.onReceiver(android.intent.action.ANY_DATA_STATE)
D/PhoneApp( 4568): PhoneAppBroadcastReceiver.onReceiver(android.intent.action.ANY_DATA_STATE)
D/PhoneApp( 4568): PhoneAppBroadcastReceiver.onReceiver(android.intent.action.ANY_DATA_STATE)
D/PhoneApp( 4568): PhoneAppBroadcastReceiver.onReceiver(android.intent.action.ANY_DATA_STATE)
D/PhoneApp( 4568): PhoneAppBroadcastReceiver.onReceiver(android.intent.action.ANY_DATA_STATE)
D/PhoneApp( 4568): PhoneAppBroadcastReceiver.onReceiver(android.intent.action.ANY_DATA_STATE)
D/PhoneApp( 4568): PhoneAppBroadcastReceiver.onReceiver(android.intent.action.ANY_DATA_STATE)
D/PhoneApp( 4568): PhoneAppBroadcastReceiver.onReceiver(android.intent.action.ANY_DATA_STATE)
D/PhoneApp( 4568): PhoneAppBroadcastReceiver.onReceiver(android.intent.action.SIM_STATE_CHANGED)
V/KeyguardUpdateMonitor( 1812): action android.intent.action.SIM_STATE_CHANGED state: ABSENT slotId: 0 subid: 2147483643
D/KeyguardUpdateMonitor( 1812): handleSimStateChange(subId=2147483643, slotId=0, state=ABSENT)
D/KeyguardViewMediator( 1812): onSimStateChanged(subId=2147483643, slotId=0,state=ABSENT)
D/NetworkManagementMz: TrafficStateController( 3000): mSimStateReceiver + Intent { act=android.intent.action.SIM_STATE_CHANGED flg=0x4000010 (has extras) }
D/NetworkManagementMz: TrafficStateController( 3000): state ABSENT
D/NetworkManagementMz: TrafficStateController( 3000): slot 0
D/NetworkManagementMz( 3000): LocalSubscriptionManager : getSubId 0
D/GpsLocationProvider(  927): received SIM realted action: 
D/NetworkManagementMz( 3000): LocalSubscriptionManager : intSubId 2147483643
D/MobileDataController( 1812): mSubReceiver action = android.intent.action.SIM_STATE_CHANGED
D/MobileDataController( 1812): registerPreferredNetworkModeObserverForSubRecordChange
D/NetworkManagementMz( 3000): LocalSubscriptionManager : subId[0] is : 2147483643
D/MzPhoneInterfaceManager( 4568): get34GCapabilityPhoneId, phoneId: -1
D/MobileDataController( 1812): get34GCapabilityPhoneId, phoneId: -1
D/MobileDataController( 1812): get34GCapabilitySubId Invalid subId
D/MzPhoneInterfaceManager( 4568): get34GCapabilityPhoneId, phoneId: -1
D/MobileDataController( 1812): get34GCapabilityPhoneId, phoneId: -1
D/MobileDataController( 1812): get34GCapabilitySubId Invalid subId
D/NetworkController( 1812): onReceive: intent=Intent { act=android.intent.action.SIM_STATE_CHANGED flg=0x4000010 (has extras) }
D/NetworkManagementMz: LocalTelephonyManager( 3000): imsi null
D/NetworkManagementMz: TrafficState( 3000): slot0 imsi = null
D/GpsLocationProvider(  927): SIM MCC/MNC is still not available
D/PhoneInterfaceManager( 4568): [PhoneIntfMgr] getDataEnabled: subId=2147483643 phoneId=0
D/PhoneInterfaceManager( 4568): [PhoneIntfMgr] getDataEnabled: subId=2147483643 retVal=true
D/TelephonyManager( 3000): getDataEnabled: retVal=true
D/MccTable( 4568): updateMccMncConfiguration mccmnc='' fromServiceState=false
D/DeviceInfo( 3401): [getSimState] simState = 1
D/NetworkController( 1812): onReceive: intent=Intent { act=android.intent.action.ACTION_DEFAULT_VOICE_SUBSCRIPTION_CHANGED flg=0x20000010 (has extras) }
D/NetworkManagementMz: Utils( 3000): The slotId of mobile data enable is : 0
E/NetworkController( 1812): Cannot find controller for voice sub: 2147483643
D/NetworkManagementMz( 3000): LocalSubscriptionManager : getSubId 0
D/NetworkManagementMz( 3000): LocalSubscriptionManager : intSubId 2147483643
D/NetworkManagementMz( 3000): ManagerApplication : subId[0] is : 2147483643
E/SQLiteLog( 4568): (1) no such column: network_mode
D/AndroidRuntime( 4568): Shutting down VM
E/AndroidRuntime( 4568): FATAL EXCEPTION: main
E/AndroidRuntime( 4568): Process: com.android.phone, PID: 4568
E/AndroidRuntime( 4568): android.database.sqlite.SQLiteException: no such column: network_mode (code 1): , while compiling: UPDATE siminfo SET network_mode=? WHERE _id=2147483643
E/AndroidRuntime( 4568): 	at android.database.sqlite.SQLiteConnection.nativePrepareStatement(Native Method)
E/AndroidRuntime( 4568): 	at android.database.sqlite.SQLiteConnection.acquirePreparedStatement(SQLiteConnection.java:889)
E/AndroidRuntime( 4568): 	at android.database.sqlite.SQLiteConnection.prepare(SQLiteConnection.java:500)
E/AndroidRuntime( 4568): 	at android.database.sqlite.SQLiteSession.prepare(SQLiteSession.java:588)
E/AndroidRuntime( 4568): 	at android.database.sqlite.SQLiteProgram.<init>(SQLiteProgram.java:58)
E/AndroidRuntime( 4568): 	at android.database.sqlite.SQLiteStatement.<init>(SQLiteStatement.java:31)
E/AndroidRuntime( 4568): 	at android.database.sqlite.SQLiteDatabase.updateWithOnConflict(SQLiteDatabase.java:1574)
E/AndroidRuntime( 4568): 	at android.database.sqlite.SQLiteDatabase.update(SQLiteDatabase.java:1522)
E/AndroidRuntime( 4568): 	at com.android.providers.telephony.TelephonyProvider.update(TelephonyProvider.java:1159)
E/AndroidRuntime( 4568): 	at android.content.ContentProvider$Transport.update(ContentProvider.java:337)
E/AndroidRuntime( 4568): 	at android.content.ContentResolver.update(ContentResolver.java:1333)
E/AndroidRuntime( 4568): 	at com.android.internal.telephony.SubscriptionController.setNwMode(SubscriptionController.java:1672)
E/AndroidRuntime( 4568): 	at com.android.internal.telephony.SubscriptionHelper.updateNwModesInSubIdTable(SubscriptionHelper.java:152)
E/AndroidRuntime( 4568): 	at com.android.internal.telephony.SubscriptionHelper.updateNwMode(SubscriptionHelper.java:218)
E/AndroidRuntime( 4568): 	at com.android.internal.telephony.SubscriptionInfoUpdater.updateSubscriptionInfoByIccId(SubscriptionInfoUpdater.java:603)
E/AndroidRuntime( 4568): 	at com.android.internal.telephony.SubscriptionInfoUpdater.updateIccAvailability(SubscriptionInfoUpdater.java:322)
E/AndroidRuntime( 4568): 	at com.android.internal.telephony.SubscriptionInfoUpdater.handleMessage(SubscriptionInfoUpdater.java:245)
E/AndroidRuntime( 4568): 	at android.os.Handler.dispatchMessage(Handler.java:102)
E/AndroidRuntime( 4568): 	at android.os.Looper.loop(Looper.java:135)
E/AndroidRuntime( 4568): 	at android.app.ActivityThread.main(ActivityThread.java:5254)
E/AndroidRuntime( 4568): 	at java.lang.reflect.Method.invoke(Native Method)
E/AndroidRuntime( 4568): 	at java.lang.reflect.Method.invoke(Method.java:372)
E/AndroidRuntime( 4568): 	at com.android.internal.os.ZygoteInit$MethodAndArgsCaller.run(ZygoteInit.java:904)
E/AndroidRuntime( 4568): 	at com.android.internal.os.ZygoteInit.main(ZygoteInit.java:699)
W/ActivityManager(  927): Process com.android.phone has crashed too many times: killing!
D/NetworkManagementMz: LocalTelephonyManager( 3000): imsi null
I/Adreno-EGL(  927): <qeglDrvAPI_eglInitialize:410>: EGL 1.4 QUALCOMM build: AU_LINUX_ANDROID_LA.BF.1.1.1.C2.05.00.00.046.002_msm8974_LA.BF.1.1.1.C2__release_AU ()
I/Adreno-EGL(  927): OpenGL ES Shader Compiler Version: E031.25.03.00
I/Adreno-EGL(  927): Build Date: 01/06/15 Tue
I/Adreno-EGL(  927): Local Branch: mybranch6793908
I/Adreno-EGL(  927): Remote Branch: quic/LA.BF.1.1.1.c2
I/Adreno-EGL(  927): Local Patches: NONE
I/Adreno-EGL(  927): Reconstruct Branch: AU_LINUX_ANDROID_LA.BF.1.1.1.C2.05.00.00.046.002 +  NOTHING
I/OpenGLRenderer(  927): Initialized EGL, version 1.4
D/ActionMenuView( 2199): onMeasure:widthSize=963;mFormatItems=false;mFormatItemsWidth=0
D/ActionMenuView( 2199): onMeasure:getMeasuredWidth = 0; getMeasuredHeight = 144
D/PhoneStatusBar( 1812): disable: < expand icons alerts system_info back home recent clock search >
I/PalmRejection( 1812): removeView, mTipsViewAdded = false
I/PalmRejection( 1812): disableProximityLockLocked, mProximitySensorEnabled = false
I/PalmRejection( 1812): disableProximityLockLocked() failed... Proximity Sensor already disabled
I/ActivityManager(  927): Displayed com.android.settings/.DevelopmentSettings: +802ms
I/Timeline(  927): Timeline: Activity_windows_visible id: ActivityRecord{3e181f0 u0 com.android.settings/.DevelopmentSettings t4} time:309360
D/ActionMenuView( 2199): onMeasure:widthSize=963;mFormatItems=false;mFormatItemsWidth=0
D/ActionMenuView( 2199): onMeasure:getMeasuredWidth = 0; getMeasuredHeight = 144
I/Timeline( 2199): Timeline: Activity_idle id: android.os.BinderProxy@3548ed28 time:309391
W/recents.Component( 1812): create a new LoadPlan to load thumbnail -- background
W/recents.Performance( 1812): preload while task Change spend : 2
E/MetadataRetrieverClient(  309): failed to extract an album art
E/MetadataRetrieverClient(  309): failed to extract an album art
D/NetworkManagementMz: TrafficCoreService( 3000): handleMessage :0
E/MetadataRetrieverClient(  309): failed to extract an album art
D/NetworkManagementMz: Utils( 3000): The slotId of mobile data enable is : 0
D/MediaScannerService( 2265): scan<<<
D/MediaScannerService( 2265): scan>>>: volumeName = external, directories = [/storage/emulated/0, /storage/usbdisk]
I/ActivityManager(  927): Waited long enough for: ServiceRecord{27c7406a u0 com.android.providers.media/.MediaScannerService}
I/Process ( 4568): Sending signal. PID: 4568 SIG: 9
E/AudioPolicyManager(  309): unknown stream type 13
E/AudioPolicyManager(  309): unknown stream type 13
E/AudioPolicyManager(  309): unknown stream type 13
E/AudioPolicyManager(  309): unknown stream type 13
E/AudioPolicyManager(  309): unknown stream type 13
E/AudioPolicyManager(  309): unknown stream type 13
E/AudioPolicyManager(  309): unknown stream type 13
E/AudioPolicyManager(  309): unknown stream type 13
E/AudioPolicyManager(  309): unknown stream type 13
E/AudioPolicyManager(  309): unknown stream type 13
D/audio_hw_primary(  309): out_set_parameters: enter: usecase(1: low-latency-playback) kvpairs: routing=2
E/AudioPolicyManager(  309): unknown stream type 13
I/ServiceManager(  252): service 'simphonebook' died
I/ServiceManager(  252): service 'iphonesubinfo' died
I/ServiceManager(  252): service 'isms' died
I/ServiceManager(  252): service 'phone' died
I/ServiceManager(  252): service 'phone_ext' died
I/ServiceManager(  252): service 'sip' died
I/ServiceManager(  252): service 'isub' died
D/WifiService(  927): Client connection lost with reason: 4
I/ActivityManager(  927): Process com.android.phone (pid 4568) has died
W/ActivityManager(  927): Scheduling restart of crashed service com.android.phone/.TelephonyDebugService in 0ms
I/ActivityManager(  927): Start proc 4671:com.android.phone/1001 for restart com.android.phone
E/AudioPolicyManager(  309): unknown stream type 13
E/AudioPolicyManager(  309): unknown stream type 13
E/AudioPolicyManager(  309): unknown stream type 13
E/AudioPolicyManager(  309): unknown stream type 13
E/AudioPolicyManager(  309): unknown stream type 13
E/AudioPolicyManager(  309): unknown stream type 13
E/AudioPolicyManager(  309): unknown stream type 13
E/AudioPolicyManager(  309): unknown stream type 13
E/AudioPolicyManager(  309): unknown stream type 13
E/AudioPolicyManager(  309): unknown stream type 13
E/AudioPolicyManager(  309): unknown stream type 13
E/AudioPolicyManager(  309): unknown stream type 13
E/AudioPolicyManager(  309): unknown stream type 13
E/AudioPolicyManager(  309): unknown stream type 13
E/AudioPolicyManager(  309): unknown stream type 13
E/AudioPolicyManager(  309): unknown stream type 13
E/AudioPolicyManager(  309): unknown stream type 13
E/AudioPolicyManager(  309): unknown stream type 13
E/AudioPolicyManager(  309): unknown stream type 13
I/ActivityManager(  927): Waited long enough for: ServiceRecord{4e131e8 u0 com.android.settings/com.meizu.settings.nfc.writetags.NFCProfileManager}
D/TelephonyProvider( 4671): dbh.onOpen: ok, queried table=siminfo
D/TelephonyProvider( 4671): dbh.onOpen: ok, queried table=carriers
D/Telecom (  927): TelecomServiceImpl: isInCall() callState: 0
E/AudioPolicyManager(  309): unknown stream type 13
E/AudioPolicyManager(  309): unknown stream type 13
E/AudioPolicyManager(  309): unknown stream type 13
E/AudioPolicyManager(  309): unknown stream type 13
E/AudioPolicyManager(  309): unknown stream type 13
E/AudioPolicyManager(  309): unknown stream type 13
E/AudioPolicyManager(  309): unknown stream type 13
E/AudioPolicyManager(  309): unknown stream type 13
E/AudioPolicyManager(  309): unknown stream type 13
E/AudioPolicyManager(  309): unknown stream type 13
I/ActivityManager(  927): START u0 {act=android.intent.action.MAIN cat=[android.intent.category.HOME] flg=0x10200000 cmp=com.meizu.flyme.launcher/.Launcher} from uid 1000 on display 0
D/PanelView( 1812): non keyguard-shade mode, notify panel expansion change normally
D/PanelView( 1812): non keyguard-shade mode, notify panel expansion change normally
D/PermissionCache(  254): checking android.permission.READ_FRAME_BUFFER for uid=1000 => granted (386 us)
D/audio_hw_primary(  309): out_set_parameters: enter: usecase(1: low-latency-playback) kvpairs: routing=2
E/AudioPolicyManager(  309): unknown stream type 13
D/GpsLocationProvider(  927): received SIM realted action: 
V/KeyguardUpdateMonitor( 1812): action android.intent.action.SIM_STATE_CHANGED state: NOT_READY slotId: 0 subid: 2147483643
D/KeyguardUpdateMonitor( 1812): handleSimStateChange(subId=2147483643, slotId=0, state=UNKNOWN)
D/MobileDataController( 1812): mSubReceiver action = android.intent.action.SIM_STATE_CHANGED
D/MobileDataController( 1812): registerPreferredNetworkModeObserverForSubRecordChange
D/MobileDataController( 1812): get34GCapabilityPhoneId, phoneId: 0
D/MobileDataController( 1812): get34GCapabilitySubId subId[0] = 2147483643
D/NetworkManagementMz: TrafficStateController( 3000): mSimStateReceiver + Intent { act=android.intent.action.SIM_STATE_CHANGED flg=0x4000010 (has extras) }
D/MobileDataController( 1812): get34GCapabilityPhoneId, phoneId: 0
D/MobileDataController( 1812): get34GCapabilitySubId subId[0] = 2147483643
D/NetworkManagementMz: TrafficStateController( 3000): state NOT_READY
D/NetworkManagementMz: TrafficStateController( 3000): slot 0
D/NetworkManagementMz( 3000): LocalSubscriptionManager : getSubId 0
D/GpsLocationProvider(  927): SIM MCC/MNC is still not available
D/NetworkController( 1812): onReceive: intent=Intent { act=android.intent.action.SIM_STATE_CHANGED flg=0x4000010 (has extras) }
E/DcSwitchStateMachine-0( 4671): DctController is not ready
D/NetworkManagementMz( 3000): LocalSubscriptionManager : intSubId 2147483643
D/NetworkManagementMz( 3000): LocalSubscriptionManager : subId[0] is : 2147483643
D/NetworkManagementMz: LocalTelephonyManager( 3000): imsi null
D/NetworkManagementMz: TrafficState( 3000): slot0 imsi = null
E/ConnectivityService(  927): Failed to find Messenger in unregisterNetworkFactory
D/ConnectivityService(  927): Got NetworkFactory Messenger for Telephony
W/InputMethodManagerService(  927): Window already focused, ignoring focus gain of: com.android.internal.view.IInputMethodClient$Stub$Proxy@249689f5 attribute=null, token = android.os.BinderProxy@23a99c40
D/ImageWallpaper( 1812): onOffsetsChanged: xOffset=0.0, yOffset=0.0, xOffsetStep=0.0, yOffsetStep=0.0, xPixels=0, yPixels=0
I/Timeline( 3705): Timeline: Activity_idle id: android.os.BinderProxy@28e07ab8 time:310786
D/ImageWallpaper( 1812): Suppressed drawFrame since redraw is not needed and offsets have not changed.
D/ImageWallpaper( 1812): onVisibilityChanged: mVisible, visible=false, true
D/ImageWallpaper( 1812): Visibility changed to visible=true
D/ImageWallpaper( 1812): Suppressed drawFrame since redraw is not needed and offsets have not changed.
D/DeviceInfo( 3401): [getSimState] simState = 6
D/TelephonyManager( 3000): getDataEnabled: retVal=false
D/NetworkManagementMz( 3000): LocalSubscriptionManager : getSubId 0
D/CallNotifier( 4671): registerForSuppServiceNotification
D/CallNotifier( 4671): registerForSuppServiceNotification, 0
D/NetworkManagementMz( 3000): LocalSubscriptionManager : intSubId 2147483643
D/NetworkManagementMz( 3000): ManagerApplication : subId[0] is : 2147483643
W/MediaScanner( 2265): Error opening directory '/storage/usbdisk/', skipping: Permission denied.
D/NetworkManagementMz: LocalTelephonyManager( 3000): imsi null
D/NetworkManagementMz( 3000): LocalSubscriptionManager : getSubId 1
D/NetworkManagementMz( 3000): LocalSubscriptionManager : getSubId 0
D/NetworkManagementMz( 3000): LocalSubscriptionManager : intSubId 2147483643
D/NetworkManagementMz( 3000): ManagerApplication : subId[0] is : 2147483643
D/NetworkManagementMz: LocalTelephonyManager( 3000): imsi null
V/MediaScanner( 2265): pruneDeadThumbnailFiles... android.database.sqlite.SQLiteCursor@381110ee
V/MediaScanner( 2265): /pruneDeadThumbnailFiles... android.database.sqlite.SQLiteCursor@381110ee
I/rmt_storage(  304): rmt_storage_connect_cb: clnt_h=0xe conn_h=0xb6403098
I/rmt_storage(  304): rmt_storage_rw_iovec_cb: /boot/modem_fs2: clnt_h=0x2: req_h=0x12 msg_id=3: R/W request received
I/rmt_storage(  304): wakelock acquired: 1, error no: 42
I/rmt_storage(  304): rmt_storage_client_thread: /boot/modem_fs2: clnt_h=0x2 Unblock worker thread (th_id: -1236806912)
D/MzPhoneInterfaceManager( 4671): MzPhoneInterfaceManager init: null
D/MzPhoneInterfaceManager( 4671): new MzPhoneInterfaceManager: 
D/MzPhoneInterfaceManager( 4671): [PhoneIntfMgrExt] publish: com.android.phone.MzPhoneInterfaceManager@14537a2d
E/AudioPolicyManager(  309): unknown stream type 13
E/AudioPolicyManager(  309): unknown stream type 13
E/AudioPolicyManager(  309): unknown stream type 13
E/AudioPolicyManager(  309): unknown stream type 13
E/AudioPolicyManager(  309): unknown stream type 13
E/AudioPolicyManager(  309): unknown stream type 13
E/AudioPolicyManager(  309): unknown stream type 13
E/AudioPolicyManager(  309): unknown stream type 13
E/AudioPolicyManager(  309): unknown stream type 13
E/AudioPolicyManager(  309): unknown stream type 13
E/AudioPolicyManager(  309): unknown stream type 13
E/AudioPolicyManager(  309): unknown stream type 13
E/AudioPolicyManager(  309): unknown stream type 13
E/AudioPolicyManager(  309): unknown stream type 13
E/AudioPolicyManager(  309): unknown stream type 13
E/AudioPolicyManager(  309): unknown stream type 13
E/AudioPolicyManager(  309): unknown stream type 13
E/AudioPolicyManager(  309): unknown stream type 13
E/AudioPolicyManager(  309): unknown stream type 13
D/BluetoothManagerService(  927): Message: 20
D/BluetoothManagerService(  927): Added callback: android.bluetooth.IBluetoothManagerCallback$Stub$Proxy@3799af92:true
D/BluetoothManagerService(  927): Message: 30
D/BluetoothManagerService(  927): Trying to bind to profile: 1, while Bluetooth was disabled
D/CallNotifier( 4671): updatePhoneStateListeners()
V/Telephony( 4671): TtyManager: updateTtyMode 0 -> 0
I/Telephony( 4671): TtyManager: updateUiTtyMode -1 -> 0
D/FlymeCallService( 4671):  - [FlymeCallGlobals] onCreate() ...
D/WebCallManager( 4671): [isFlymeCommunicationOpened] opened = false
I/Timeline(  927): Timeline: Activity_windows_visible id: ActivityRecord{2a85b6a u0 com.meizu.flyme.launcher/.Launcher t3} time:311042
I/rmt_storage(  304): rmt_storage_client_thread: /boot/modem_fs2: clnt_h=0x2: req_h=0x12 msg_id=3: Bytes written = 1572864
I/rmt_storage(  304): rmt_storage_client_thread: /boot/modem_fs2: clnt_h=0x2: req_h=0x12 msg_id=3: Send response: res=0 err=0
I/rmt_storage(  304): rmt_storage_client_thread: /boot/modem_fs2: clnt_h=0x2 About to block rmt_storage client thread (th_id: -1236806912) wakelock released: 1, error no: 0
I/rmt_storage(  304): 
I/rmt_storage(  304): rmt_storage_disconnect_cb: clnt_h=0x0xe conn_h=0x0xb6403098
D/MediaScannerService( 2265): scan<<<
D/FlymeCallService( 4671): [FlymeCallAccountRegistry] - updateAccounts: accounntHandles [ComponentInfo{com.android.phone/com.android.services.telephony.TelephonyConnectionService}, [e0184adedf913b076626646d3f52c3b49c39ad6d], UserHandle{0}]
I/MDMCTBK (  307): mot_update_Apm_state new_state=1,  old_State =0
I/MDMCTBK (  307): get_property_value, Enter
I/MDMCTBK (  307): get_property_value, Values read from property=1,0,0,0,0,0,0,0,0,0,1,0, length=23
I/MDMCTBK (  307): get_property_value, Exit
I/MDMCTBK (  307): MdmCutbackHndler updateApmState, Airplane Mode new_state =1, old_state=0
I/MDMCTBK (  307):  
I/MDMCTBK (  307): MdmCutbackHndler Status: Qmi =1, cg=0, ep=0, vc=0, dc=0, cn=0, wf=0, mf=0, wfd=0, apm=1, usb=1, stopqmi=0
I/MDMCTBK (  307): set_property_value, Enter
I/MDMCTBK (  307): set_property_value, Values updated in the property=1,0,0,0,0,0,0,0,0,1,1,0
I/MDMCTBK (  307): set_property_value, Values updated in the property file Successfully
I/MDMCTBK (  307): set_property_value, Exit
E/MDMCTBK (  307): MdmCutbackHndler,Airplane Mode Enabled !! =1
D/WebCallManager( 4671): [WebCallManager] new callmanager = com.meizu.webcall.WebCallManager@3f3c5cdc
D/WebCallManager( 4671): [isFlymeCommunicationOpened] opened = false
D/FlymeCallService( 4671): [FlymeCallTracker]  - bindToFlymeCallService() service is disabled, remove callback...
D/FlymeCallService( 4671): [FlymeCallTracker]  - [clearDisconnected] before, []
D/FlymeCallService( 4671): [FlymeCallTracker]  - [clearDisconnected] after, []
D/FlymeCallService( 4671): [FlymeCallTracker]  - bindToFlymeCallService() CallManager: com.meizu.services.flymecall.WebCallManager@3f26c1e5, mCallBack: null, this=com.meizu.services.flymecall.FlymeCallTracker@eb284ba
D/FlymeCallService( 4671): WebCallManager_Local - unregister callback
D/FlymeCallService( 4671): WebCallManager_Local - addCallBack() mWebCallManager: com.meizu.webcall.WebCallManager@3f3c5cdc, mCallBack: null
D/FlymeCallService( 4671):  - [FlymeCallGlobals] onCreate() EXIT
D/[MzMultiPhonesUtil]-Telephony( 4671): updateMultiSimConfig() sIsDSDA=false, sIsDSDS=false
D/[MzMultiPhonesUtil]-Telephony( 4671): getSubIdFromPhoneAccount() ERROR: Invalid int: "E"
D/[MzMultiPhonesUtil]-Telephony( 4671): updatePhoneAccounts() slot0: null
D/[MzMultiPhonesUtil]-Telephony( 4671): initialize() OK, subId_0=2147483643]
D/Telephony( 4671): FlymeUsageLogMgr: onSimStateChanged() simCount: -1 -> 0
D/TelephonyDebugService( 4671): TelephonyDebugService()
D/GpsLocationProvider(  927): received SIM realted action: 
V/KeyguardUpdateMonitor( 1812): onSubscriptionInfoChanged()
D/GpsLocationProvider(  927): SIM MCC/MNC is still not available
V/KeyguardUpdateMonitor( 1812): onSubscriptionInfoChanged: list is null
I/MDMCTBK (  307): mot_update_VoiceCall_State new_count =0, curr_count=0
I/MDMCTBK (  307): get_property_value, Enter
I/MDMCTBK (  307): get_property_value, Values read from property=1,0,0,0,0,0,0,0,0,1,1,0, length=23
I/MDMCTBK (  307): get_property_value, Exit
I/MDMCTBK (  307): MdmCutbackHndler,UptateVoiceCallCount new_count=0, call_on= 0
D/NetworkController( 1812): onReceive: intent=Intent { act=android.provider.Telephony.SPN_STRINGS_UPDATED flg=0x20000010 (has extras) }
V/DownloadManager( 2851): Service state changed: Bundle[mParcelledData.dataSize=924]
V/DownloadManager( 2851): mRoamingStateListener roaming ------> false
V/DownloadManager( 2851): auto download without roaming -> true
V/DownloadManager( 2851): auto download during roaming -> false roaming -> false
V/DownloadManager( 2851): mRoamingStateListener mAutoDownload ------> true
V/DownloadManager( 2851): mRoamingStateListener mAutoDownload2 ------> false, multi sim device = false
I/MDMCTBK (  307): mot_update_Apm_state new_state=0,  old_State =1
I/MDMCTBK (  307): get_property_value, Enter
I/MDMCTBK (  307): get_property_value, Values read from property=1,0,0,0,0,0,0,0,0,1,1,0, length=23
I/MDMCTBK (  307): get_property_value, Exit
I/MDMCTBK (  307): MdmCutbackHndler updateApmState, Airplane Mode new_state =0, old_state=1
I/MDMCTBK (  307):  
I/MDMCTBK (  307): MdmCutbackHndler Status: Qmi =1, cg=0, ep=0, vc=0, dc=0, cn=0, wf=0, mf=0, wfd=0, apm=0, usb=1, stopqmi=0
I/MDMCTBK (  307): set_property_value, Enter
I/MDMCTBK (  307): set_property_value, Values updated in the property=1,0,0,0,0,0,0,0,0,0,1,0
I/MDMCTBK (  307): set_property_value, Values updated in the property file Successfully
I/MDMCTBK (  307): set_property_value, Exit
I/MDMCTBK (  307): setSarCtrl:set SAR over QMI, conn:0, ep:0,wf:0, mf:0, chrg:1
I/MDMCTBK (  307): send SAR ctrl over QMI
D/SimCardStateReceiver( 2471): onReceive: android.intent.action.SERVICE_STATE
D/PhoneInterfaceManager( 4671): [PhoneIntfMgr] getDataNetworkType=0
D/YPIntentService( 2471): onHandleIntent com.meizu.yellowpage.refresh_sim_state
D/PhoneInterfaceManager( 4671): [PhoneIntfMgr] getDataNetworkType=0
D/PhoneInterfaceManager( 4671): [PhoneIntfMgr] getDataNetworkType=0
D/PhoneInterfaceManager( 4671): [PhoneIntfMgr] getDataNetworkType=0
W/System.err( 2471): java.lang.NumberFormatException: Invalid int: "E"
W/System.err( 2471): 	at java.lang.Integer.invalidInt(Integer.java:138)
W/System.err( 2471): 	at java.lang.Integer.parse(Integer.java:410)
W/System.err( 2471): 	at java.lang.Integer.parseInt(Integer.java:367)
W/System.err( 2471): 	at java.lang.Integer.parseInt(Integer.java:334)
W/System.err( 2471): 	at com.meizu.yellowpage.utils.o.a(SourceFile:125)
W/System.err( 2471): 	at com.meizu.yellowpage.utils.SimCardStateUtils.h(SourceFile:255)
W/System.err( 2471): 	at com.meizu.yellowpage.utils.SimCardStateUtils.b(SourceFile:124)
W/System.err( 2471): 	at com.meizu.yellowpage.net.YPIntentService.e(SourceFile:339)
W/System.err( 2471): 	at com.meizu.yellowpage.net.YPIntentService.onHandleIntent(SourceFile:286)
W/System.err( 2471): 	at android.app.IntentService$ServiceHandler.handleMessage(IntentService.java:65)
W/System.err( 2471): 	at android.os.Handler.dispatchMessage(Handler.java:102)
W/System.err( 2471): 	at android.os.Looper.loop(Looper.java:135)
W/System.err( 2471): 	at android.os.HandlerThread.run(HandlerThread.java:61)
D/PhoneInterfaceManager( 4671): [PhoneIntfMgr] getDataNetworkType=0
I/SimCardStateUtils( 2471): getSimRadioOnCount :0
D/PhoneInterfaceManager( 4671): [PhoneIntfMgr] getDataNetworkType=0
D/PhoneInterfaceManager( 4671): [PhoneIntfMgr] getDataNetworkType=0
D/PhoneInterfaceManager( 4671): [PhoneIntfMgr] getDataNetworkType=0
D/PhoneInterfaceManager( 4671): [PhoneIntfMgr] getDataNetworkType=0
D/PhoneInterfaceManager( 4671): [PhoneIntfMgr] getDataNetworkType=0
D/PhoneInterfaceManager( 4671): [PhoneIntfMgr] getDataNetworkType=0
D/PhoneInterfaceManager( 4671): [PhoneIntfMgr] getDataNetworkType=0
D/PhoneInterfaceManager( 4671): [PhoneIntfMgr] getDataNetworkType=0
D/PhoneInterfaceManager( 4671): [PhoneIntfMgr] getDataNetworkType=0
D/PhoneInterfaceManager( 4671): [PhoneIntfMgr] getDataNetworkType=0
D/PhoneInterfaceManager( 4671): [PhoneIntfMgr] getDataNetworkType=0
D/PhoneInterfaceManager( 4671): [PhoneIntfMgr] getDataNetworkType=0
D/PhoneInterfaceManager( 4671): [PhoneIntfMgr] getDataNetworkType=0
D/PhoneInterfaceManager( 4671): [PhoneIntfMgr] getDataNetworkType=0
D/PhoneInterfaceManager( 4671): [PhoneIntfMgr] getDataNetworkType=0
D/WifiService(  927): New client listening to asynchronous messages
D/CallNotifier( 4671): updatePhoneStateListeners()
D/PhoneApp( 4671): PhoneAppBroadcastReceiver.onReceiver(android.intent.action.ANY_DATA_STATE)
D/PhoneApp( 4671): PhoneAppBroadcastReceiver.onReceiver(android.intent.action.SIM_STATE_CHANGED)
D/PhoneInterfaceManager( 4671): [PhoneIntfMgr] SubscriptionManager.getPhoneId(2147483643)=0
D/PhoneInterfaceManager( 4671): [PhoneIntfMgr] ServiceState= 3
D/Telephony( 4671): SimSlotStateMgr: updateSimState() slotId: 0, iccState: NOT_READY, slotOn: false, simState: UNKNOWN -> NOT_READY, availableSIMCount: 0
D/Telephony( 4671): SimSlotStateMgr: updateSimState() notify com.android.phone.CallNotifier$2@3d13183f, slotId: 0, newState: NOT_READY, slotOn: false
D/Telephony( 4671): FlymeUsageLogMgr: onSimStateChanged() simCount: 0 -> 0
D/Telephony( 4671): SimSlotStateMgr: updateSimState() notify com.meizu.phone.utils.usagelog.FlymeUsageLogMgr$2@123eb50c, slotId: 0, newState: NOT_READY, slotOn: false
